Component: ARM Compiler 5.06 update 7 (build 960) Tool: armlink [4d3601]

==============================================================================

Section Cross References

    main.o(i.AutoReloadCallback) refers to adc.o(i.NegativePrussure) for NegativePrussure
    main.o(i.AutoReloadCallback) refers to control.o(i.filter) for filter
    main.o(i.AutoReloadCallback) refers to control.o(i.KalmanFilter) for KalmanFilter
    main.o(i.AutoReloadCallback) refers to main.o(.data) for timecount500
    main.o(i.AutoReloadCallback) refers to parameters.o(.data) for negative_pressure_current_val
    main.o(i.comm_task) refers to queue.o(i.xQueueGenericReceive) for xQueueGenericReceive
    main.o(i.comm_task) refers to dwindisplay.o(i.ReadDwinKeyValueReturn) for ReadDwinKeyValueReturn
    main.o(i.comm_task) refers to delay.o(i.delay_ms) for delay_ms
    main.o(i.comm_task) refers to main.o(.data) for BinarySemaphore
    main.o(i.comm_task) refers to usart.o(.data) for USART_RX_STA
    main.o(i.delay_task) refers to dwindisplay.o(i.ChuliDisplay) for ChuliDisplay
    main.o(i.delay_task) refers to dwindisplay.o(i.NegativeDisplay) for NegativeDisplay
    main.o(i.delay_task) refers to pwm.o(i.MotorAlarm) for MotorAlarm
    main.o(i.delay_task) refers to dwindisplay.o(i.FlowDisplay) for FlowDisplay
    main.o(i.delay_task) refers to ffixu.o(x$fpl$ffixu) for __aeabi_f2uiz
    main.o(i.delay_task) refers to dwindisplay.o(i.DwinDisplayVariate) for DwinDisplayVariate
    main.o(i.delay_task) refers to delay.o(i.delay_ms) for delay_ms
    main.o(i.delay_task) refers to parameters.o(.data) for chuli_current_val
    main.o(i.delay_task) refers to control.o(.data) for flowmode
    main.o(i.delay_task) refers to key.o(.data) for JiaoTaFlag
    main.o(i.delay_task) refers to dwindisplay.o(.data) for chulilongpressbuzzerflag
    main.o(i.main) refers to stm32f1xx_hal.o(i.HAL_Init) for HAL_Init
    main.o(i.main) refers to sys.o(i.Stm32_Clock_Init) for Stm32_Clock_Init
    main.o(i.main) refers to delay.o(i.delay_init) for delay_init
    main.o(i.main) refers to pwm.o(i.MotorInit) for MotorInit
    main.o(i.main) refers to led.o(i.LED_Init) for LED_Init
    main.o(i.main) refers to cmos.o(i.MOS_Init) for MOS_Init
    main.o(i.main) refers to key.o(i.KEY_Init) for KEY_Init
    main.o(i.main) refers to exti.o(i.EXTI_Init) for EXTI_Init
    main.o(i.main) refers to buzzer.o(i.BUZZER_Init) for BUZZER_Init
    main.o(i.main) refers to timer.o(i.TIM3_Init) for TIM3_Init
    main.o(i.main) refers to usart.o(i.uart_init) for uart_init
    main.o(i.main) refers to adc.o(i.ADC_Init) for ADC_Init
    main.o(i.main) refers to timer.o(i.TIM2_Init) for TIM2_Init
    main.o(i.main) refers to pwm.o(i.TIM4_PWM_Init) for TIM4_PWM_Init
    main.o(i.main) refers to delay.o(i.delay_ms) for delay_ms
    main.o(i.main) refers to dwindisplay.o(i.DwinDisplayInit) for DwinDisplayInit
    main.o(i.main) refers to tasks.o(i.xTaskCreate) for xTaskCreate
    main.o(i.main) refers to tasks.o(i.vTaskStartScheduler) for vTaskStartScheduler
    main.o(i.main) refers to main.o(.data) for StartTask_Handler
    main.o(i.main) refers to main.o(i.start_task) for start_task
    main.o(i.real_time_task) refers to pid.o(i.Init_Pid) for Init_Pid
    main.o(i.real_time_task) refers to tasks.o(i.xTaskGetTickCount) for xTaskGetTickCount
    main.o(i.real_time_task) refers to timers.o(i.xTimerGenericCommand) for xTimerGenericCommand
    main.o(i.real_time_task) refers to key.o(i.FeetSwitch) for FeetSwitch
    main.o(i.real_time_task) refers to control.o(i.MotorControl) for MotorControl
    main.o(i.real_time_task) refers to key.o(i.XiYinControl) for XiYinControl
    main.o(i.real_time_task) refers to main.o(.data) for AutoReloadTimer_Handle
    main.o(i.start_task) refers to port.o(i.vPortEnterCritical) for vPortEnterCritical
    main.o(i.start_task) refers to queue.o(i.xQueueGenericCreate) for xQueueGenericCreate
    main.o(i.start_task) refers to timers.o(i.xTimerCreate) for xTimerCreate
    main.o(i.start_task) refers to tasks.o(i.xTaskCreate) for xTaskCreate
    main.o(i.start_task) refers to tasks.o(i.vTaskDelete) for vTaskDelete
    main.o(i.start_task) refers to port.o(i.vPortExitCritical) for vPortExitCritical
    main.o(i.start_task) refers to main.o(.data) for BinarySemaphore
    main.o(i.start_task) refers to main.o(i.AutoReloadCallback) for AutoReloadCallback
    main.o(i.start_task) refers to main.o(i.real_time_task) for real_time_task
    main.o(i.start_task) refers to main.o(i.delay_task) for delay_task
    main.o(i.start_task) refers to main.o(i.comm_task) for comm_task
    system_stm32f1xx.o(i.SystemCoreClockUpdate) refers to system_stm32f1xx.o(.data) for SystemCoreClock
    system_stm32f1xx.o(i.SystemCoreClockUpdate) refers to system_stm32f1xx.o(.constdata) for AHBPrescTable
    startup_stm32f103xe.o(STACK) refers (Special) to heapauxi.o(.text) for __use_two_region_memory
[...]
    FLASH_IRQHandler                         0x080002c3   Thumb Code     0  startup_stm32f103xe.o(.text)
    FSMC_IRQHandler                          0x080002c3   Thumb Code     0  startup_stm32f103xe.o(.text)
    I2C1_ER_IRQHandler                       0x080002c3   Thumb Code     0  startup_stm32f103xe.o(.text)
    I2C1_EV_IRQHandler                       0x080002c3   Thumb Code     0  startup_stm32f103xe.o(.text)
    I2C2_ER_IRQHandler                       0x080002c3   Thumb Code     0  startup_stm32f103xe.o(.text)
    I2C2_EV_IRQHandler                       0x080002c3   Thumb Code     0  startup_stm32f103xe.o(.text)
    PVD_IRQHandler                           0x080002c3   Thumb Code     0  startup_stm32f103xe.o(.text)
    RCC_IRQHandler                           0x080002c3   Thumb Code     0  startup_stm32f103xe.o(.text)
    RTC_Alarm_IRQHandler                     0x080002c3   Thumb Code     0  startup_stm32f103xe.o(.text)
    RTC_IRQHandler                           0x080002c3   Thumb Code     0  startup_stm32f103xe.o(.text)
    SDIO_IRQHandler                          0x080002c3   Thumb Code     0  startup_stm32f103xe.o(.text)
    SPI1_IRQHandler                          0x080002c3   Thumb Code     0  startup_stm32f103xe.o(.text)
    SPI2_IRQHandler                          0x080002c3   Thumb Code     0  startup_stm32f103xe.o(.text)
    SPI3_IRQHandler                          0x080002c3   Thumb Code     0  startup_stm32f103xe.o(.text)
    TAMPER_IRQHandler                        0x080002c3   Thumb Code     0  startup_stm32f103xe.o(.text)
    TIM1_BRK_IRQHandler                      0x080002c3   Thumb Code     0  startup_stm32f103xe.o(.text)
    TIM1_CC_IRQHandler                       0x080002c3   Thumb Code     0  startup_stm32f103xe.o(.text)
    TIM1_TRG_COM_IRQHandler                  0x080002c3   Thumb Code     0  startup_stm32f103xe.o(.text)
    TIM1_UP_IRQHandler                       0x080002c3   Thumb Code     0  startup_stm32f103xe.o(.text)
    TIM6_IRQHandler                          0x080002c3   Thumb Code     0  startup_stm32f103xe.o(.text)
    TIM7_IRQHandler                          0x080002c3   Thumb Code     0  startup_stm32f103xe.o(.text)
    TIM8_BRK_IRQHandler                      0x080002c3   Thumb Code     0  startup_stm32f103xe.o(.text)
    TIM8_CC_IRQHandler                       0x080002c3   Thumb Code     0  startup_stm32f103xe.o(.text)
    TIM8_TRG_COM_IRQHandler                  0x080002c3   Thumb Code     0  startup_stm32f103xe.o(.text)
    TIM8_UP_IRQHandler                       0x080002c3   Thumb Code     0  startup_stm32f103xe.o(.text)
    UART4_IRQHandler                         0x080002c3   Thumb Code     0  startup_stm32f103xe.o(.text)
    UART5_IRQHandler                         0x080002c3   Thumb Code     0  startup_stm32f103xe.o(.text)
    USART2_IRQHandler                        0x080002c3   Thumb Code     0  startup_stm32f103xe.o(.text)
    USART3_IRQHandler                        0x080002c3   Thumb Code     0  startup_stm32f103xe.o(.text)
    USBWakeUp_IRQHandler                     0x080002c3   Thumb Code     0  startup_stm32f103xe.o(.text)
    USB_HP_CAN1_TX_IRQHandler                0x080002c3   Thumb Code     0  startup_stm32f103xe.o(.text)
    USB_LP_CAN1_RX0_IRQHandler               0x080002c3   Thumb Code     0  startup_stm32f103xe.o(.text)
    WWDG_IRQHandler                          0x080002c3   Thumb Code     0  startup_stm32f103xe.o(.text)
    __user_initial_stackheap                 0x080002c5   Thumb Code     0  startup_stm32f103xe.o(.text)
    __use_no_semihosting                     0x080002e9   Thumb Code     2  use_no_semi_2.o(.text)
    __aeabi_llsr                             0x080002eb   Thumb Code     0  llushr.o(.text)
    _ll_ushift_r                             0x080002eb   Thumb Code    38  llushr.o(.text)
    __2printf                                0x08000311   Thumb Code    20  noretval__2printf.o(.text)
    __printf                                 0x08000329   Thumb Code   104  __printf.o(.text)
    __aeabi_memcpy                           0x08000391   Thumb Code     0  rt_memcpy_v6.o(.text)
    __rt_memcpy                              0x08000391   Thumb Code   138  rt_memcpy_v6.o(.text)
    _memcpy_lastbytes                        0x080003f7   Thumb Code     0  rt_memcpy_v6.o(.text)
    __aeabi_memset                           0x0800041b   Thumb Code    16  aeabi_memset.o(.text)
    __aeabi_memclr4                          0x0800042b   Thumb Code     0  rt_memclr_w.o(.text)
    __aeabi_memclr8                          0x0800042b   Thumb Code     0  rt_memclr_w.o(.text)
    __rt_memclr_w                            0x0800042b   Thumb Code    78  rt_memclr_w.o(.text)
    _memset_w                                0x0800042f   Thumb Code     0  rt_memclr_w.o(.text)
    __use_two_region_memory                  0x08000479   Thumb Code     2  heapauxi.o(.text)
    __rt_heap_escrow$2region                 0x0800047b   Thumb Code     2  heapauxi.o(.text)
    __rt_heap_expand$2region                 0x0800047d   Thumb Code     2  heapauxi.o(.text)
    __I$use$semihosting                      0x0800047f   Thumb Code     0  use_no_semi.o(.text)
    __use_no_semihosting_swi                 0x0800047f   Thumb Code     2  use_no_semi.o(.text)
    _printf_char_common                      0x0800048b   Thumb Code    32  _printf_char_common.o(.text)
    _printf_char_file                        0x080004b1   Thumb Code    32  _printf_char_file.o(.text)
    __aeabi_memcpy4                          0x080004d5   Thumb Code     0  rt_memcpy_w.o(.text)
    __aeabi_memcpy8                          0x080004d5   Thumb Code     0  rt_memcpy_w.o(.text)
    __rt_memcpy_w                            0x080004d5   Thumb Code   100  rt_memcpy_w.o(.text)
    _memcpy_lastbytes_aligned                0x0800051d   Thumb Code     0  rt_memcpy_w.o(.text)
    __aeabi_memclr                           0x08000539   Thumb Code     0  rt_memclr.o(.text)
    __rt_memclr                              0x08000539   Thumb Code    68  rt_memclr.o(.text)
    _memset                                  0x0800053d   Thumb Code     0  rt_memclr.o(.text)
    ferror                                   0x0800057d   Thumb Code     8  ferror.o(.text)
    __user_setup_stackheap                   0x08000585   Thumb Code    74  sys_stackheap_outer.o(.text)
    exit                                     0x080005cf   Thumb Code    18  exit.o(.text)
    __user_libspace                          0x080005e1   Thumb Code     8  libspace.o(.text)
    __user_perproc_libspace                  0x080005e1   Thumb Code     0  libspace.o(.text)
    __user_perthread_libspace                0x080005e1   Thumb Code     0  libspace.o(.text)
    ADC_ConversionStop_Disable               0x080005e9   Thumb Code    82  stm32f1xx_hal_adc.o(i.ADC_ConversionStop_Disable)
    ADC_Enable                               0x0800063d   Thumb Code   122  stm32f1xx_hal_adc.o(i.ADC_Enable)
    ADC_Init                                 0x080006c1   Thumb Code    66  adc.o(i.ADC_Init)
    AutoReloadCallback                       0x0800070d   Thumb Code   114  main.o(i.AutoReloadCallback)
    BUZZER_Init                              0x080007a1   Thumb Code    78  buzzer.o(i.BUZZER_Init)
    BusFault_Handler                         0x080007f9   Thumb Code     4  stm32f1xx_it.o(i.BusFault_Handler)
    Buzzer_Mode                              0x080007fd   Thumb Code    30  buzzer.o(i.Buzzer_Mode)
    ChuliDisplay                             0x08000821   Thumb Code   696  dwindisplay.o(i.ChuliDisplay)
    ChuliSensorPrussure                      0x08000af9   Thumb Code   258  adc.o(i.ChuliSensorPrussure)
    ClearUsart_Buf                           0x08000c19   Thumb Code    20  dwindisplay.o(i.ClearUsart_Buf)
    ColumnDisplay                            0x08000c31   Thumb Code    94  dwindisplay.o(i.ColumnDisplay)
    DebugMon_Handler                         0x08000c99   Thumb Code     2  stm32f1xx_it.o(i.DebugMon_Handler)
    DisableBuzzer                            0x08000c9d   Thumb Code    16  buzzer.o(i.DisableBuzzer)
    DisableMotorPWM                          0x08000cb1   Thumb Code    12  pwm.o(i.DisableMotorPWM)
    DwinBitIconDisplay                       0x08000cc1   Thumb Code    50  dwindisplay.o(i.DwinBitIconDisplay)
    DwinDisplayInit                          0x08000cfd   Thumb Code   538  dwindisplay.o(i.DwinDisplayInit)
    DwinDisplayText                          0x08000f51   Thumb Code    52  dwindisplay.o(i.DwinDisplayText)
    DwinDisplayVariate                       0x08000f99   Thumb Code    50  dwindisplay.o(i.DwinDisplayVariate)
    DwinSetVariate                           0x08000fd5   Thumb Code   358  dwindisplay.o(i.DwinSetVariate)
    DwindisplayInterface                     0x08001165   Thumb Code    42  dwindisplay.o(i.DwindisplayInterface)
    EXTI15_10_IRQHandler                     0x08001199   Thumb Code    20  exti.o(i.EXTI15_10_IRQHandler)
    EXTI_Init                                0x080011ad   Thumb Code   114  exti.o(i.EXTI_Init)
    EnableBuzzer                             0x08001231   Thumb Code    10  buzzer.o(i.EnableBuzzer)
    EnableMotorPWM                           0x0800123d   Thumb Code    12  pwm.o(i.EnableMotorPWM)
    FLASH_PageErase                          0x0800124d   Thumb Code    32  stm32f1xx_hal_flash_ex.o(i.FLASH_PageErase)
    FLASH_WaitForLastOperation               0x08001319   Thumb Code   106  stm32f1xx_hal_flash.o(i.FLASH_WaitForLastOperation)
    FMChuLiDebug                             0x08001389   Thumb Code   100  factorymode.o(i.FMChuLiDebug)
    FMGetChuLi_K_B                           0x080013f9   Thumb Code   286  factorymode.o(i.FMGetChuLi_K_B)
    FMGetNegP_K_B                            0x08001535   Thumb Code   286  factorymode.o(i.FMGetNegP_K_B)
    FMGetWaterHight                          0x08001671   Thumb Code    84  factorymode.o(i.FMGetWaterHight)
    FMNPressureDebug                         0x080016d5   Thumb Code    74  factorymode.o(i.FMNPressureDebug)
    FM_GetMode_Paramete                      0x0800172d   Thumb Code   466  factorymode.o(i.FM_GetMode_Paramete)
    FactoryMode                              0x0800191d   Thumb Code   106  factorymode.o(i.FactoryMode)
    FeetSwitch                               0x08001995   Thumb Code   132  key.o(i.FeetSwitch)
    FlowDisplay                              0x08001a29   Thumb Code   104  dwindisplay.o(i.FlowDisplay)
    Get_Adc                                  0x08001a95   Thumb Code    46  adc.o(i.Get_Adc)
    HAL_ADCEx_Calibration_Start              0x08001ac9   Thumb Code   256  stm32f1xx_hal_adc_ex.o(i.HAL_ADCEx_Calibration_Start)
    HAL_ADC_ConfigChannel                    0x08001bcd   Thumb Code   338  stm32f1xx_hal_adc.o(i.HAL_ADC_ConfigChannel)
    HAL_ADC_GetValue                         0x08001d2d   Thumb Code     8  stm32f1xx_hal_adc.o(i.HAL_ADC_GetValue)
    HAL_ADC_Init                             0x08001d35   Thumb Code   340  stm32f1xx_hal_adc.o(i.HAL_ADC_Init)
    HAL_ADC_MspInit                          0x08001e95   Thumb Code    82  adc.o(i.HAL_ADC_MspInit)
    HAL_ADC_PollForConversion                0x08001ef1   Thumb Code   350  stm32f1xx_hal_adc.o(i.HAL_ADC_PollForConversion)
    HAL_ADC_Start                            0x08002061   Thumb Code   294  stm32f1xx_hal_adc.o(i.HAL_ADC_Start)
    HAL_FLASH_Lock                           0x08002191   Thumb Code    16  stm32f1xx_hal_flash.o(i.HAL_FLASH_Lock)
    HAL_FLASH_Program                        0x080021a5   Thumb Code   168  stm32f1xx_hal_flash.o(i.HAL_FLASH_Program)
    HAL_FLASH_Unlock                         0x08002255   Thumb Code    36  stm32f1xx_hal_flash.o(i.HAL_FLASH_Unlock)
    HAL_GPIO_EXTI_Callback                   0x08002285   Thumb Code    66  exti.o(i.HAL_GPIO_EXTI_Callback)
    HAL_GPIO_EXTI_IRQHandler                 0x080022d9   Thumb Code    24  stm32f1xx_hal_gpio.o(i.HAL_GPIO_EXTI_IRQHandler)
    HAL_GPIO_Init                            0x080022f5   Thumb Code   792  stm32f1xx_hal_gpio.o(i.HAL_GPIO_Init)
    HAL_GPIO_ReadPin                         0x08002635   Thumb Code    16  stm32f1xx_hal_gpio.o(i.HAL_GPIO_ReadPin)
    HAL_GPIO_WritePin                        0x08002645   Thumb Code    12  stm32f1xx_hal_gpio.o(i.HAL_GPIO_WritePin)
    HAL_GetTick                              0x08002651   Thumb Code     6  stm32f1xx_hal.o(i.HAL_GetTick)
    HAL_IncTick                              0x0800265d   Thumb Code    16  stm32f1xx_hal.o(i.HAL_IncTick)
    HAL_Init                                 0x08002675   Thumb Code    34  stm32f1xx_hal.o(i.HAL_Init)
    HAL_InitTick                             0x0800269d   Thumb Code    64  stm32f1xx_hal.o(i.HAL_InitTick)
    HAL_MspInit                              0x080026e9   Thumb Code     2  stm32f1xx_hal_msp.o(i.HAL_MspInit)
    HAL_NVIC_DisableIRQ                      0x080026ed   Thumb Code    62  stm32f1xx_hal_cortex.o(i.HAL_NVIC_DisableIRQ)
    HAL_NVIC_EnableIRQ                       0x08002731   Thumb Code    32  stm32f1xx_hal_cortex.o(i.HAL_NVIC_EnableIRQ)
    HAL_NVIC_SetPriority                     0x08002751   Thumb Code   124  stm32f1xx_hal_cortex.o(i.HAL_NVIC_SetPriority)
    HAL_NVIC_SetPriorityGrouping             0x080027cd   Thumb Code    32  stm32f1xx_hal_cortex.o(i.HAL_NVIC_SetPriorityGrouping)
    HAL_RCCEx_GetPeriphCLKFreq               0x080027f5   Thumb Code   276  stm32f1xx_hal_rcc_ex.o(i.HAL_RCCEx_GetPeriphCLKFreq)
    HAL_RCCEx_PeriphCLKConfig                0x08002929   Thumb Code   288  stm32f1xx_hal_rcc_ex.o(i.HAL_RCCEx_PeriphCLKConfig)
    HAL_RCC_ClockConfig                      0x08002a55   Thumb Code   376  stm32f1xx_hal_rcc.o(i.HAL_RCC_ClockConfig)
    HAL_RCC_GetHCLKFreq                      0x08002be1   Thumb Code     6  stm32f1xx_hal_rcc.o(i.HAL_RCC_GetHCLKFreq)
    HAL_RCC_GetPCLK1Freq                     0x08002bed   Thumb Code    22  stm32f1xx_hal_rcc.o(i.HAL_RCC_GetPCLK1Freq)
    HAL_RCC_GetPCLK2Freq                     0x08002c0d   Thumb Code    22  stm32f1xx_hal_rcc.o(i.HAL_RCC_GetPCLK2Freq)
    HAL_RCC_GetSysClockFreq                  0x08002c2d   Thumb Code   116  stm32f1xx_hal_rcc.o(i.HAL_RCC_GetSysClockFreq)
    HAL_RCC_OscConfig                        0x08002cc1   Thumb Code  1114  stm32f1xx_hal_rcc.o(i.HAL_RCC_OscConfig)
    HAL_SYSTICK_CLKSourceConfig              0x08003125   Thumb Code    40  stm32f1xx_hal_cortex.o(i.HAL_SYSTICK_CLKSourceConfig)
    HAL_SYSTICK_Config                       0x0800314d   Thumb Code    52  stm32f1xx_hal_cortex.o(i.HAL_SYSTICK_Config)
    HAL_TIMEx_BreakCallback                  0x08003181   Thumb Code     2  stm32f1xx_hal_tim_ex.o(i.HAL_TIMEx_BreakCallback)
    HAL_TIMEx_CommutCallback                 0x08003183   Thumb Code     2  stm32f1xx_hal_tim_ex.o(i.HAL_TIMEx_CommutCallback)
    HAL_TIM_Base_Init                        0x08003185   Thumb Code    52  stm32f1xx_hal_tim.o(i.HAL_TIM_Base_Init)
    HAL_TIM_Base_MspInit                     0x080031b9   Thumb Code   156  timer.o(i.HAL_TIM_Base_MspInit)
    HAL_TIM_Base_Start_IT                    0x08003261   Thumb Code    42  stm32f1xx_hal_tim.o(i.HAL_TIM_Base_Start_IT)
    HAL_TIM_IC_CaptureCallback               0x0800328d   Thumb Code   256  timer.o(i.HAL_TIM_IC_CaptureCallback)
    HAL_TIM_IRQHandler                       0x080033a9   Thumb Code   406  stm32f1xx_hal_tim.o(i.HAL_TIM_IRQHandler)
    HAL_TIM_OC_DelayElapsedCallback          0x0800353f   Thumb Code     2  stm32f1xx_hal_tim.o(i.HAL_TIM_OC_DelayElapsedCallback)
    HAL_TIM_PWM_ConfigChannel                0x08003541   Thumb Code   264  stm32f1xx_hal_tim.o(i.HAL_TIM_PWM_ConfigChannel)
    HAL_TIM_PWM_Init                         0x08003649   Thumb Code    52  stm32f1xx_hal_tim.o(i.HAL_TIM_PWM_Init)
    HAL_TIM_PWM_MspInit                      0x0800367d   Thumb Code    96  pwm.o(i.HAL_TIM_PWM_MspInit)
    HAL_TIM_PWM_PulseFinishedCallback        0x080036e9   Thumb Code     2  stm32f1xx_hal_tim.o(i.HAL_TIM_PWM_PulseFinishedCallback)
    HAL_TIM_PWM_Start                        0x080036ed   Thumb Code    80  stm32f1xx_hal_tim.o(i.HAL_TIM_PWM_Start)
    HAL_TIM_PWM_Stop                         0x08003745   Thumb Code   126  stm32f1xx_hal_tim.o(i.HAL_TIM_PWM_Stop)
    HAL_TIM_PeriodElapsedCallback            0x080037cd   Thumb Code   394  timer.o(i.HAL_TIM_PeriodElapsedCallback)
    HAL_TIM_ReadCapturedValue                0x08003995   Thumb Code    50  stm32f1xx_hal_tim.o(i.HAL_TIM_ReadCapturedValue)
    HAL_TIM_TriggerCallback                  0x080039c7   Thumb Code     2  stm32f1xx_hal_tim.o(i.HAL_TIM_TriggerCallback)
    HAL_UART_Init                            0x080039c9   Thumb Code   114  stm32f1xx_hal_uart.o(i.HAL_UART_Init)
    HAL_UART_MspInit                         0x08003a3d   Thumb Code   156  usart.o(i.HAL_UART_MspInit)
    HAL_UART_Receive_IT                      0x08003ae5   Thumb Code   112  stm32f1xx_hal_uart.o(i.HAL_UART_Receive_IT)
    HAL_UART_Transmit                        0x08003b55   Thumb Code   214  stm32f1xx_hal_uart.o(i.HAL_UART_Transmit)
    HardFault_Handler                        0x08003c2b   Thumb Code     4  stm32f1xx_it.o(i.HardFault_Handler)
    IWDG_Feed                                0x08003c2f   Thumb Code     2  iwdg.o(i.IWDG_Feed)
    Init_Pid                                 0x08003c31   Thumb Code    30  pid.o(i.Init_Pid)
    KEY_Init                                 0x08003c5d   Thumb Code   130  key.o(i.KEY_Init)
    KalmanFilter                             0x08003cf1   Thumb Code   120  control.o(i.KalmanFilter)
    KalmanFilter1                            0x08003d7d   Thumb Code   120  control.o(i.KalmanFilter1)
    LED_Init                                 0x08003e09   Thumb Code   194  led.o(i.LED_Init)
    MOS_Init                                 0x08003ee1   Thumb Code    64  cmos.o(i.MOS_Init)
    MemManage_Handler                        0x08003f2d   Thumb Code     4  stm32f1xx_it.o(i.MemManage_Handler)
    ModeSelect                               0x08003f31   Thumb Code   926  dwindisplay.o(i.ModeSelect)
    Motor0_1lmin                             0x080042e9   Thumb Code    10  pwm.o(i.Motor0_1lmin)
    MotorAlarm                               0x080042fd   Thumb Code    82  pwm.o(i.MotorAlarm)
    MotorControl                             0x08004359   Thumb Code   294  control.o(i.MotorControl)
    MotorInit                                0x080044a9   Thumb Code    96  pwm.o(i.MotorInit)
    MotorSpeedDownlmin                       0x08004519   Thumb Code    10  pwm.o(i.MotorSpeedDownlmin)
    MotorSpeedUp                             0x0800452d   Thumb Code   174  pwm.o(i.MotorSpeedUp)
    Motor_PscCount                           0x08004605   Thumb Code   112  pwm.o(i.Motor_PscCount)
    NMI_Handler                              0x080046a9   Thumb Code     2  stm32f1xx_it.o(i.NMI_Handler)
    NegativeDisplay                          0x080046ad   Thumb Code   132  dwindisplay.o(i.NegativeDisplay)
    NegativePrussure                         0x08004745   Thumb Code   164  adc.o(i.NegativePrussure)
    PIDCalc                                  0x08004805   Thumb Code    82  pid.o(i.PIDCalc)
    Ps_PrGreaterFive                         0x08004859   Thumb Code   296  control.o(i.Ps_PrGreaterFive)
    ReadDwinKeyValueReturn                   0x080049d9   Thumb Code   776  dwindisplay.o(i.ReadDwinKeyValueReturn)
    ReadFlashDisplay                         0x08004d31   Thumb Code   242  factorymode.o(i.ReadFlashDisplay)
    STMFLASH_Read                            0x08004e49   Thumb Code    34  stmflash.o(i.STMFLASH_Read)
    STMFLASH_ReadHalfWord                    0x08004e6b   Thumb Code     6  stmflash.o(i.STMFLASH_ReadHalfWord)
    STMFLASH_Write                           0x08004e71   Thumb Code   252  stmflash.o(i.STMFLASH_Write)
    STMFLASH_Write_NoCheck                   0x08004f79   Thumb Code    44  stmflash.o(i.STMFLASH_Write_NoCheck)
    SaveParameters                           0x08004fa5   Thumb Code   282  factorymode.o(i.SaveParameters)
    Stm32_Clock_Init                         0x080050e5   Thumb Code    86  sys.o(i.Stm32_Clock_Init)
    SysTick_Handler                          0x0800513b   Thumb Code    20  delay.o(i.SysTick_Handler)
    SystemInit                               0x08005151   Thumb Code    70  system_stm32f1xx.o(i.SystemInit)
    TIM2_IRQHandler                          0x080051a9   Thumb Code    10  timer.o(i.TIM2_IRQHandler)
    TIM2_Init                                0x080051b9   Thumb Code    38  timer.o(i.TIM2_Init)
    TIM3_IRQHandler                          0x080051e5   Thumb Code    10  timer.o(i.TIM3_IRQHandler)
    TIM3_Init                                0x080051f5   Thumb Code    36  timer.o(i.TIM3_Init)
    TIM4_IRQHandler                          0x08005221   Thumb Code    10  timer.o(i.TIM4_IRQHandler)
    TIM4_PWM_Init                            0x08005231   Thumb Code    84  pwm.o(i.TIM4_PWM_Init)
    TIM5_IRQHandler                          0x08005291   Thumb Code    10  timer.o(i.TIM5_IRQHandler)
    TIM5_Init                                0x080052a1   Thumb Code    36  timer.o(i.TIM5_Init)
    TIM_Base_SetConfig                       0x080052cd   Thumb Code   134  stm32f1xx_hal_tim.o(i.TIM_Base_SetConfig)
    TIM_CCxChannelCmd                        0x08005369   Thumb Code    34  stm32f1xx_hal_tim.o(i.TIM_CCxChannelCmd)
    TIM_OC2_SetConfig                        0x080053fd   Thumb Code   114  stm32f1xx_hal_tim.o(i.TIM_OC2_SetConfig)
    ThirtylessPr_Ps                          0x08005545   Thumb Code    76  control.o(i.ThirtylessPr_Ps)
    TwolessPr_PsLessFive                     0x080055a5   Thumb Code    44  control.o(i.TwolessPr_PsLessFive)
    USART1_IRQHandler                        0x080057f1   Thumb Code   238  usart.o(i.USART1_IRQHandler)
    UsageFault_Handler                       0x080058fd   Thumb Code     4  stm32f1xx_it.o(i.UsageFault_Handler)
    XiYinControl                             0x08005901   Thumb Code   106  key.o(i.XiYinControl)
    ZeroLessPs_PrlessFive                    0x08005989   Thumb Code    46  control.o(i.ZeroLessPs_PrlessFive)
    ZerolessPr_PsLessTwo                     0x080059cd   Thumb Code    34  control.o(i.ZerolessPr_PsLessTwo)
    _sys_exit                                0x08005a39   Thumb Code     4  usart.o(i._sys_exit)
    comm_task                                0x08005a3d   Thumb Code    52  main.o(i.comm_task)
    delay_init                               0x08005a79   Thumb Code    58  delay.o(i.delay_init)
    delay_ms                                 0x08005abd   Thumb Code    60  delay.o(i.delay_ms)
    delay_task                               0x08005afd   Thumb Code   188  main.o(i.delay_task)
    delay_us                                 0x08005be9   Thumb Code    68  delay.o(i.delay_us)
    filter                                   0x08005c31   Thumb Code    78  control.o(i.filter)
    fputc                                    0x08005c8d   Thumb Code    24  usart.o(i.fputc)
    main                                     0x08005ca9   Thumb Code   130  main.o(i.main)
    pvPortMalloc                             0x080066b5   Thumb Code   190  heap_4.o(i.pvPortMalloc)
    pvTaskIncrementMutexHeldCount            0x08006789   Thumb Code    26  tasks.o(i.pvTaskIncrementMutexHeldCount)
    pxPortInitialiseStack                    0x080067a9   Thumb Code    30  port.o(i.pxPortInitialiseStack)
    real_time_task                           0x080067cd   Thumb Code    68  main.o(i.real_time_task)
    start_task                               0x08006819   Thumb Code   122  main.o(i.start_task)
    uart_init                                0x080068f5   Thumb Code    44  usart.o(i.uart_init)
    uxListRemove                             0x0800692d   Thumb Code    40  list.o(i.uxListRemove)
    vListInitialise                          0x08006955   Thumb Code    26  list.o(i.vListInitialise)
    vListInitialiseItem                      0x0800696f   Thumb Code     6  list.o(i.vListInitialiseItem)
    vListInsert                              0x08006975   Thumb Code    52  list.o(i.vListInsert)
    vListInsertEnd                           0x080069a9   Thumb Code    24  list.o(i.vListInsertEnd)
    vPortEnterCritical                       0x080069c1   Thumb Code    42  port.o(i.vPortEnterCritical)
    vPortExitCritical                        0x080069f5   Thumb Code    28  port.o(i.vPortExitCritical)
    vPortFree                                0x08006a15   Thumb Code    64  heap_4.o(i.vPortFree)
    vPortSetupTimerInterrupt                 0x08006a5d   Thumb Code    26  port.o(i.vPortSetupTimerInterrupt)
    vPortValidateInterruptPriority           0x08006a7d   Thumb Code    28  port.o(i.vPortValidateInterruptPriority)
    vQueueAddToRegistry                      0x08006a9d   Thumb Code    38  queue.o(i.vQueueAddToRegistry)
    vQueueWaitForMessageRestricted           0x08006ac9   Thumb Code    74  queue.o(i.vQueueWaitForMessageRestricted)
    vTaskDelay                               0x08006b15   Thumb Code    50  tasks.o(i.vTaskDelay)
    vTaskDelete                              0x08006b51   Thumb Code   170  tasks.o(i.vTaskDelete)
    vTaskMissedYield                         0x08006c25   Thumb Code     8  tasks.o(i.vTaskMissedYield)
    vTaskPlaceOnEventList                    0x08006c31   Thumb Code    28  tasks.o(i.vTaskPlaceOnEventList)
    vTaskPlaceOnEventListRestricted          0x08006c51   Thumb Code    36  tasks.o(i.vTaskPlaceOnEventListRestricted)
    vTaskPriorityInherit                     0x08006c79   Thumb Code   164  tasks.o(i.vTaskPriorityInherit)
    vTaskSetTimeOutState                     0x08006d29   Thumb Code    14  tasks.o(i.vTaskSetTimeOutState)
    vTaskStartScheduler                      0x08006d41   Thumb Code    86  tasks.o(i.vTaskStartScheduler)
    vTaskSuspendAll                          0x08006db5   Thumb Code    12  tasks.o(i.vTaskSuspendAll)
    vTaskSwitchContext                       0x08006dc5   Thumb Code    76  tasks.o(i.vTaskSwitchContext)
    xPortStartScheduler                      0x08006e25   Thumb Code   140  port.o(i.xPortStartScheduler)
    xPortSysTickHandler                      0x08006ec5   Thumb Code    46  port.o(i.xPortSysTickHandler)
    xQueueGenericCreate                      0x08006ef9   Thumb Code    56  queue.o(i.xQueueGenericCreate)
    xQueueGenericReceive                     0x08006f31   Thumb Code   346  queue.o(i.xQueueGenericReceive)
    xQueueGenericReset                       0x08007091   Thumb Code   122  queue.o(i.xQueueGenericReset)
    xQueueGenericSend                        0x08007111   Thumb Code   312  queue.o(i.xQueueGenericSend)
    xQueueGenericSendFromISR                 0x0800724d   Thumb Code   160  queue.o(i.xQueueGenericSendFromISR)
    xQueueGiveFromISR                        0x080072ed   Thumb Code   146  queue.o(i.xQueueGiveFromISR)
    xTaskCheckForTimeOut                     0x08007381   Thumb Code    84  tasks.o(i.xTaskCheckForTimeOut)
    xTaskCreate                              0x080073dd   Thumb Code    96  tasks.o(i.xTaskCreate)
    xTaskGetSchedulerState                   0x0800743d   Thumb Code    24  tasks.o(i.xTaskGetSchedulerState)
    xTaskGetTickCount                        0x0800745d   Thumb Code     6  tasks.o(i.xTaskGetTickCount)
    xTaskIncrementTick                       0x08007469   Thumb Code   242  tasks.o(i.xTaskIncrementTick)
    xTaskPriorityDisinherit                  0x08007589   Thumb Code   128  tasks.o(i.xTaskPriorityDisinherit)
    xTaskRemoveFromEventList                 0x08007615   Thumb Code   104  tasks.o(i.xTaskRemoveFromEventList)
    xTaskResumeAll                           0x08007695   Thumb Code   200  tasks.o(i.xTaskResumeAll)
    xTimerCreate                             0x08007781   Thumb Code    48  timers.o(i.xTimerCreate)
    xTimerCreateTimerTask                    0x080077b1   Thumb Code    42  timers.o(i.xTimerCreateTimerTask)
    xTimerGenericCommand                     0x080077f1   Thumb Code   104  timers.o(i.xTimerGenericCommand)
    __aeabi_d2f                              0x0800785d   Thumb Code     0  d2f.o(x$fpl$d2f)
    _d2f                                     0x0800785d   Thumb Code    98  d2f.o(x$fpl$d2f)
    __aeabi_dadd                             0x080078c1   Thumb Code     0  daddsub_clz.o(x$fpl$dadd)
    _dadd                                    0x080078c1   Thumb Code   332  daddsub_clz.o(x$fpl$dadd)
    __fpl_dcmp_Inf                           0x08007a11   Thumb Code    24  dcmpi.o(x$fpl$dcmpinf)
    __aeabi_i2d                              0x08007a29   Thumb Code     0  dflt_clz.o(x$fpl$dflt)
    _dflt                                    0x08007a29   Thumb Code    46  dflt_clz.o(x$fpl$dflt)
    __aeabi_ui2d                             0x08007a57   Thumb Code     0  dflt_clz.o(x$fpl$dfltu)
    _dfltu                                   0x08007a57   Thumb Code    38  dflt_clz.o(x$fpl$dfltu)
    __aeabi_cdcmple                          0x08007a7d   Thumb Code     0  dleqf.o(x$fpl$dleqf)
    _dcmple                                  0x08007a7d   Thumb Code   120  dleqf.o(x$fpl$dleqf)
    __fpl_dcmple_InfNaN                      0x08007adf   Thumb Code     0  dleqf.o(x$fpl$dleqf)
    __aeabi_dmul                             0x08007af5   Thumb Code     0  dmul.o(x$fpl$dmul)
    _dmul                                    0x08007af5   Thumb Code   332  dmul.o(x$fpl$dmul)
    __fpl_dnaninf                            0x08007c49   Thumb Code   156  dnaninf.o(x$fpl$dnaninf)
    __fpl_dretinf                            0x08007ce5   Thumb Code    12  dretinf.o(x$fpl$dretinf)
    __aeabi_dsub                             0x08007cf1   Thumb Code     0  daddsub_clz.o(x$fpl$dsub)
    _dsub                                    0x08007cf1   Thumb Code   464  daddsub_clz.o(x$fpl$dsub)
    __aeabi_f2d                              0x08007ec5   Thumb Code     0  f2d.o(x$fpl$f2d)
    _f2d                                     0x08007ec5   Thumb Code    86  f2d.o(x$fpl$f2d)
    __aeabi_fadd                             0x08007f1d   Thumb Code     0  faddsub_clz.o(x$fpl$fadd)
    _fadd                                    0x08007f1d   Thumb Code   196  faddsub_clz.o(x$fpl$fadd)
    __fpl_fcmp_Inf                           0x08007fe1   Thumb Code    24  fcmpi.o(x$fpl$fcmpinf)
    __aeabi_fdiv                             0x08007ff9   Thumb Code     0  fdiv.o(x$fpl$fdiv)
    _fdiv                                    0x08007ff9   Thumb Code   384  fdiv.o(x$fpl$fdiv)
    __aeabi_f2iz                             0x0800817d   Thumb Code     0  ffix.o(x$fpl$ffix)
    _ffix                                    0x0800817d   Thumb Code    54  ffix.o(x$fpl$ffix)
    __aeabi_f2uiz                            0x080081b5   Thumb Code     0  ffixu.o(x$fpl$ffixu)
    _ffixu                                   0x080081b5   Thumb Code    62  ffixu.o(x$fpl$ffixu)
    __aeabi_i2f                              0x080081f5   Thumb Code     0  fflt_clz.o(x$fpl$fflt)
    _fflt                                    0x080081f5   Thumb Code    48  fflt_clz.o(x$fpl$fflt)
    __aeabi_ui2f                             0x08008225   Thumb Code     0  fflt_clz.o(x$fpl$ffltu)
    _ffltu                                   0x08008225   Thumb Code    38  fflt_clz.o(x$fpl$ffltu)
    __aeabi_cfcmple                          0x0800824d   Thumb Code     0  fleqf.o(x$fpl$fleqf)
    _fcmple                                  0x0800824d   Thumb Code   104  fleqf.o(x$fpl$fleqf)
    __fpl_fcmple_InfNaN                      0x0800829f   Thumb Code     0  fleqf.o(x$fpl$fleqf)
    __aeabi_fmul                             0x080082b5   Thumb Code     0  fmul.o(x$fpl$fmul)
    _fmul                                    0x080082b5   Thumb Code   258  fmul.o(x$fpl$fmul)
    __fpl_fnaninf                            0x080083b7   Thumb Code   140  fnaninf.o(x$fpl$fnaninf)
    __fpl_fretinf                            0x08008443   Thumb Code    10  fretinf.o(x$fpl$fretinf)
    __aeabi_cfrcmple                         0x0800844d   Thumb Code     0  frleqf.o(x$fpl$frleqf)
    _frcmple                                 0x0800844d   Thumb Code    98  frleqf.o(x$fpl$frleqf)
    __aeabi_frsub                            0x080084af   Thumb Code     0  faddsub_clz.o(x$fpl$frsb)
    _frsb                                    0x080084af   Thumb Code    20  faddsub_clz.o(x$fpl$frsb)
    __aeabi_fsub                             0x080084c5   Thumb Code     0  faddsub_clz.o(x$fpl$fsub)
    _fsub                                    0x080084c5   Thumb Code   234  faddsub_clz.o(x$fpl$fsub)
    AHBPrescTable                            0x080085ae   Data          16  system_stm32f1xx.o(.constdata)
    __I$use$fp                               0x080085ae   Number         0  usenofp.o(x$fpl$usenofp)
    APBPrescTable                            0x080085be   Data           8  system_stm32f1xx.o(.constdata)
    MXP2100offset                            0x080085c8   Data           4  parameters.o(.constdata)
    MXP2100sensitivity                       0x080085cc   Data           4  parameters.o(.constdata)
    FSS1500offset                            0x080085d0   Data           4  parameters.o(.constdata)
    FM_motor_psc                             0x080085d4   Data           2  parameters.o(.constdata)
    FLOW_01L_SPEED_CW                        0x080085d6   Data           2  parameters.o(.constdata)
    FLOW_01L_SPEED_DOWN                      0x080085d8   Data           2  parameters.o(.constdata)
    FLOW_01L_SPEED                           0x080085da   Data           2  parameters.o(.constdata)
    FLOW_02L_SPEED                           0x080085dc   Data           2  parameters.o(.constdata)
    FLOW_03L_SPEED                           0x080085de   Data           2  parameters.o(.constdata)
    FLOW_04L_SPEED                           0x080085e0   Data           2  parameters.o(.constdata)
    FLOW_05L_SPEED                           0x080085e2   Data           2  parameters.o(.constdata)
    FLOW_06L_SPEED                           0x080085e4   Data           2  parameters.o(.constdata)
    FLOW_07L_SPEED                           0x080085e6   Data           2  parameters.o(.constdata)
    FLOW_08L_SPEED                           0x080085e8   Data           2  parameters.o(.constdata)
    FLOW_9L_SPEED                            0x080085ea   Data           2  parameters.o(.constdata)
    FLOW_10L_SPEED                           0x080085ec   Data           2  parameters.o(.constdata)
    FLOW_11L_SPEED                           0x080085ee   Data           2  parameters.o(.constdata)
    FLOW_12L_SPEED                           0x080085f0   Data           2  parameters.o(.constdata)
    FLOW_13L_SPEED                           0x080085f2   Data           2  parameters.o(.constdata)
    Region$$Table$$Base                      0x080085f4   Number         0  anon$$obj.o(Region$$Table)
    Region$$Table$$Limit                     0x08008614   Number         0  anon$$obj.o(Region$$Table)
    StartTask_Handler                        0x20000000   Data           4  main.o(.data)
    REAL_TIME_Task_Handler                   0x20000004   Data           4  main.o(.data)
    DELAY_Task_Handler                       0x20000008   Data           4  main.o(.data)
    COMMTask_Handler                         0x2000000c   Data           4  main.o(.data)
    BinarySemaphore                          0x20000010   Data           4  main.o(.data)
    AutoReloadTimer_Handle                   0x20000014   Data           4  main.o(.data)
    SystemCoreClock                          0x2000001c   Data           4  system_stm32f1xx.o(.data)
    uwTick                                   0x20000020   Data           4  stm32f1xx_hal.o(.data)
    uwTickPrio                               0x20000024   Data           4  stm32f1xx_hal.o(.data)
    uwTickFreq                               0x20000028   Data           1  stm32f1xx_hal.o(.data)
    __stdout                                 0x20000034   Data           4  usart.o(.data)
    USART_RX_STA                             0x20000038   Data           2  usart.o(.data)
    aRxBuffer                                0x2000003a   Data           1  usart.o(.data)
    xiyinflag                                0x2000003b   Data           1  exti.o(.data)
    bujinflag                                0x2000003c   Data           1  exti.o(.data)
    JiaoTaFlag                               0x2000003e   Data           1  key.o(.data)
    negative_pressure_current_val            0x20000044   Data           4  parameters.o(.data)
    chuli_current_val                        0x20000048   Data           4  parameters.o(.data)
    ChuliDispflag                            0x2000004c   Data           1  parameters.o(.data)
    pidcalflag                               0x2000004d   Data           1  parameters.o(.data)
    EnterFactorymode                         0x2000004e   Data           1  parameters.o(.data)
    presetnpressure                          0x20000050   Data           4  parameters.o(.data)
    chulik                                   0x20000054   Data           4  parameters.o(.data)
    chulib                                   0x20000058   Data           4  parameters.o(.data)
    negativepressureK                        0x2000005c   Data           4  parameters.o(.data)
    negativepressureB                        0x20000060   Data           4  parameters.o(.data)
    runmode                                  0x20000064   Data           2  dwindisplay.o(.data)
    pressuresetvalue                         0x20000066   Data           2  dwindisplay.o(.data)
    pressuresetlimt                          0x20000068   Data           2  dwindisplay.o(.data)
    flowsetvalue                             0x2000006a   Data           2  dwindisplay.o(.data)
    xyiconstatue                             0x2000006c   Data           1  dwindisplay.o(.data)
    bjiconstatue                             0x2000006d   Data           1  dwindisplay.o(.data)
    waterhight                               0x2000006e   Data           2  dwindisplay.o(.data)
    para2flash                               0x20000070   Data          54  dwindisplay.o(.data)
    interfacediarray                         0x200000a6   Data           7  dwindisplay.o(.data)
    variatearray                             0x200000ad   Data           8  dwindisplay.o(.data)
    iconarray                                0x200000b5   Data           8  dwindisplay.o(.data)
    columnarray                              0x200000bd   Data          22  dwindisplay.o(.data)
    readarrary                               0x200000d3   Data           7  dwindisplay.o(.data)
    textarray                                0x200000da   Data          22  dwindisplay.o(.data)
    chulilongpressbuzzerflag                 0x200000f0   Data           1  dwindisplay.o(.data)
    chulilongconutnew                        0x200000f4   Data           4  dwindisplay.o(.data)
    chulilongconutold                        0x200000f8   Data           4  dwindisplay.o(.data)
    display_delay                            0x200000fc   Data           2  dwindisplay.o(.data)
    display_delay_val                        0x20000100   Data           4  dwindisplay.o(.data)
    chulisensorvalue                         0x20000104   Data           4  dwindisplay.o(.data)
    TIM4CH4_CAPTURE_STA                      0x2000010c   Data           1  timer.o(.data)
    TIM4CH4_CAPTURE_VAL                      0x20000110   Data           4  timer.o(.data)
    mototimeconutflag                        0x20000114   Data           1  timer.o(.data)
    mototimeconut                            0x20000115   Data           1  timer.o(.data)
    getpressureflag                          0x20000116   Data           1  timer.o(.data)
    getflowflag                              0x20000117   Data           1  timer.o(.data)
    chongxistatue                            0x2000011c   Data           1  factorymode.o(.data)
    URT_Preset                               0x2000011e   Data           6  factorymode.o(.data)
    PCN_Preset                               0x20000124   Data           6  factorymode.o(.data)
    PCN_P_Preset                             0x2000012a   Data           6  factorymode.o(.data)
    UTR_Preset                               0x20000130   Data           6  factorymode.o(.data)
    ART_Preset                               0x20000136   Data           6  factorymode.o(.data)
    CYS_Preset                               0x2000013c   Data           6  factorymode.o(.data)
    Adreearry                                0x20000142   Data          36  factorymode.o(.data)
    auto_flow_arry                           0x20000168   Data          13  control.o(.data)
    xiyinonceflag                            0x20000175   Data           1  control.o(.data)
    overprussuretimes                        0x20000176   Data           2  control.o(.data)
    filter_i                                 0x20000178   Data           2  control.o(.data)
    chulival_gal                             0x2000017c   Data           4  control.o(.data)
    motogear                                 0x20000180   Data           1  control.o(.data)
    flowmode                                 0x20000181   Data           1  control.o(.data)
    display_delay_flag                       0x20000182   Data           1  control.o(.data)
    speedupflag                              0x20000183   Data           1  control.o(.data)
    speedoffset                              0x20000184   Data           4  control.o(.data)
    buzzermode                               0x200001b6   Data           1  buzzer.o(.data)
    motorpscstart                            0x200001b8   Data           2  pwm.o(.data)
    speedtimecount                           0x200001bc   Data           4  pwm.o(.data)
    timecount                                0x200001c0   Data           2  pwm.o(.data)
    linetype                                 0x200001c2   Data           2  pwm.o(.data)
    PWM_out_Vla                              0x200001c8   Data           4  pid.o(.data)
    pxCurrentTCB                             0x200001cc   Data           4  tasks.o(.data)
    pFlash                                   0x20000240   Data          32  stm32f1xx_hal_flash.o(.bss)
    USART_RX_BUF                             0x20000260   Data          20  usart.o(.bss)
    USART_BUF                                0x20000274   Data          20  usart.o(.bss)
    UART1_Handler                            0x20000288   Data          64  usart.o(.bss)
    ADC1_Handler                             0x200002c8   Data          48  adc.o(.bss)
    TIM2_Handler                             0x200002f8   Data          64  timer.o(.bss)
    TIM4_Handler                             0x20000338   Data          64  timer.o(.bss)
    TIM3_Handler                             0x20000378   Data          64  timer.o(.bss)
    TIM5_Handler                             0x200003b8   Data          64  timer.o(.bss)
    STMFLASH_BUF                             0x200003f8   Data        2048  stmflash.o(.bss)
    value_buf                                0x20000bf8   Data         100  control.o(.bss)
    TIM4_CH2Handler                          0x20000c5c   Data          28  pwm.o(.bss)
    mypid                                    0x20000c78   Data          28  pid.o(.bss)
    xQueueRegistry                           0x20000c94   Data          64  queue.o(.bss)
    __libspace_start                         0x20005fe0   Data          96  libspace.o(.bss)
    __temporary_stack_top$libspace           0x20006040   Data           0  libspace.o(.bss)



==============================================================================

Memory Map of the image

  Image Entry point : 0x08000131

  Load Region LR_IROM1 (Base: 0x08000000, Size: 0x00008854, Max: 0x00040000, ABSOLUTE, COMPRESSED[0x000086a4])

    Execution Region ER_IROM1 (Exec base: 0x08000000, Load base: 0x08000000, Size: 0x00008614, Max: 0x00040000, ABSOLUTE)

    Exec Addr    Load Addr    Size         Type   Attr      Idx    E Section Name        Object

    0x08000000   0x08000000   0x00000130   Data   RO          557    RESET               startup_stm32f103xe.o
    0x08000130   0x08000130   0x00000008   Code   RO         5577  * !!!main             c_w.l(__main.o)
    0x08000138   0x08000138   0x00000034   Code   RO         5820    !!!scatter          c_w.l(__scatter.o)
    0x0800016c   0x0800016c   0x0000005a   Code   RO         5818    !!dczerorl2         c_w.l(__dczerorl2.o)
    0x080001c6   0x080001c6   0x00000002   PAD
    0x080001c8   0x080001c8   0x0000001c   Code   RO         5822    !!handler_zi        c_w.l(__scatter_zi.o)
    0x080001e4   0x080001e4   0x00000000   Code   RO         5564    .ARM.Collect$$_printf_percent$$00000000  c_w.l(_printf_percent.o)
    0x080001e4   0x080001e4   0x00000004   Code   RO         5642    .ARM.Collect$$_printf_percent$$00000017  c_w.l(_printf_percent_end.o)
    0x080001e8   0x080001e8   0x00000002   Code   RO         5690    .ARM.Collect$$libinit$$00000000  c_w.l(libinit.o)
    0x080001ea   0x080001ea   0x00000000   Code   RO         5697    .ARM.Collect$$libinit$$00000002  c_w.l(libinit2.o)
    0x080001ea   0x080001ea   0x00000000   Code   RO         5699    .ARM.Collect$$libinit$$00000004  c_w.l(libinit2.o)
    0x080001ea   0x080001ea   0x00000000   Code   RO         5702    .ARM.Collect$$libinit$$0000000A  c_w.l(libinit2.o)
    0x080001ea   0x080001ea   0x00000000   Code   RO         5704    .ARM.Collect$$libinit$$0000000C  c_w.l(libinit2.o)
    0x080001ea   0x080001ea   0x00000000   Code   RO         5706    .ARM.Collect$$libinit$$0000000E  c_w.l(libinit2.o)
    0x080001ea   0x080001ea   0x00000000   Code   RO         5709    .ARM.Collect$$libinit$$00000011  c_w.l(libinit2.o)
    0x080001ea   0x080001ea   0x00000000   Code   RO         5711    .ARM.Collect$$libinit$$00000013  c_w.l(libinit2.o)
    0x080001ea   0x080001ea   0x00000000   Code   RO         5713    .ARM.Collect$$libinit$$00000015  c_w.l(libinit2.o)
    0x080001ea   0x080001ea   0x00000000   Code   RO         5715    .ARM.Collect$$libinit$$00000017  c_w.l(libinit2.o)
    0x080001ea   0x080001ea   0x00000000   Code   RO         5717    .ARM.Collect$$libinit$$00000019  c_w.l(libinit2.o)
    0x080001ea   0x080001ea   0x00000000   Code   RO         5719    .ARM.Collect$$libinit$$0000001B  c_w.l(libinit2.o)
    0x080001ea   0x080001ea   0x00000000   Code   RO         5721    .ARM.Collect$$libinit$$0000001D  c_w.l(libinit2.o)
    0x080001ea   0x080001ea   0x00000000   Code   RO         5723    .ARM.Collect$$libinit$$0000001F  c_w.l(libinit2.o)
    0x080001ea   0x080001ea   0x00000000   Code   RO         5725    .ARM.Collect$$libinit$$00000021  c_w.l(libinit2.o)
    0x080001ea   0x080001ea   0x00000000   Code   RO         5727    .ARM.Collect$$libinit$$00000023  c_w.l(libinit2.o)
    0x080001ea   0x080001ea   0x00000000   Code   RO         5729    .ARM.Collect$$libinit$$00000025  c_w.l(libinit2.o)
    0x080001ea   0x080001ea   0x00000000   Code   RO         5733    .ARM.Collect$$libinit$$0000002C  c_w.l(libinit2.o)
    0x080001ea   0x080001ea   0x00000000   Code   RO         5735    .ARM.Collect$$libinit$$0000002E  c_w.l(libinit2.o)
    0x080001ea   0x080001ea   0x00000000   Code   RO         5737    .ARM.Collect$$libinit$$00000030  c_w.l(libinit2.o)
    0x080001ea   0x080001ea   0x00000000   Code   RO         5739    .ARM.Collect$$libinit$$00000032  c_w.l(libinit2.o)
    0x080001ea   0x080001ea   0x00000002   Code   RO         5740    .ARM.Collect$$libinit$$00000033  c_w.l(libinit2.o)
    0x080001ec   0x080001ec   0x00000002   Code   RO         5758    .ARM.Collect$$libshutdown$$00000000  c_w.l(libshutdown.o)
    0x080001ee   0x080001ee   0x00000000   Code   RO         5768    .ARM.Collect$$libshutdown$$00000002  c_w.l(libshutdown2.o)
    0x080001ee   0x080001ee   0x00000000   Code   RO         5770    .ARM.Collect$$libshutdown$$00000004  c_w.l(libshutdown2.o)
    0x080001ee   0x080001ee   0x00000000   Code   RO         5772    .ARM.Collect$$libshutdown$$00000006  c_w.l(libshutdown2.o)
    0x080001ee   0x080001ee   0x00000000   Code   RO         5775    .ARM.Collect$$libshutdown$$00000009  c_w.l(libshutdown2.o)
    0x080001ee   0x080001ee   0x00000000   Code   RO         5778    .ARM.Collect$$libshutdown$$0000000C  c_w.l(libshutdown2.o)
    0x080001ee   0x080001ee   0x00000000   Code   RO         5780    .ARM.Collect$$libshutdown$$0000000E  c_w.l(libshutdown2.o)
    0x080001ee   0x080001ee   0x00000000   Code   RO         5783    .ARM.Collect$$libshutdown$$00000011  c_w.l(libshutdown2.o)
    0x080001ee   0x080001ee   0x00000002   Code   RO         5784    .ARM.Collect$$libshutdown$$00000012  c_w.l(libshutdown2.o)
    0x080001f0   0x080001f0   0x00000000   Code   RO         5631    .ARM.Collect$$rtentry$$00000000  c_w.l(__rtentry.o)
    0x080001f0   0x080001f0   0x00000000   Code   RO         5661    .ARM.Collect$$rtentry$$00000002  c_w.l(__rtentry2.o)
    0x080001f0   0x080001f0   0x00000006   Code   RO         5673    .ARM.Collect$$rtentry$$00000004  c_w.l(__rtentry4.o)
    0x080001f6   0x080001f6   0x00000000   Code   RO         5663    .ARM.Collect$$rtentry$$00000009  c_w.l(__rtentry2.o)
    0x080001f6   0x080001f6   0x00000004   Code   RO         5664    .ARM.Collect$$rtentry$$0000000A  c_w.l(__rtentry2.o)
    0x080001fa   0x080001fa   0x00000000   Code   RO         5666    .ARM.Collect$$rtentry$$0000000C  c_w.l(__rtentry2.o)
    0x080001fa   0x080001fa   0x00000008   Code   RO         5667    .ARM.Collect$$rtentry$$0000000D  c_w.l(__rtentry2.o)
    0x08000202   0x08000202   0x00000002   Code   RO         5694    .ARM.Collect$$rtexit$$00000000  c_w.l(rtexit.o)
    0x08000204   0x08000204   0x00000000   Code   RO         5742    .ARM.Collect$$rtexit$$00000002  c_w.l(rtexit2.o)
    0x08000204   0x08000204   0x00000004   Code   RO         5743    .ARM.Collect$$rtexit$$00000003  c_w.l(rtexit2.o)
    0x08000208   0x08000208   0x00000006   Code   RO         5744    .ARM.Collect$$rtexit$$00000004  c_w.l(rtexit2.o)
    0x0800020e   0x0800020e   0x00000002   PAD
    0x08000210   0x08000210   0x00000096   Code   RO         5375    .emb_text           port.o
    0x080002a6   0x080002a6   0x00000002   PAD
    0x080002a8   0x080002a8   0x00000040   Code   RO          558    .text               startup_stm32f103xe.o
    0x080002e8   0x080002e8   0x00000002   Code   RO         5524    .text               c_w.l(use_no_semi_2.o)
    0x080002ea   0x080002ea   0x00000026   Code   RO         5526    .text               c_w.l(llushr.o)
    0x08000310   0x08000310   0x00000018   Code   RO         5532    .text               c_w.l(noretval__2printf.o)
    0x08000328   0x08000328   0x00000068   Code   RO         5536    .text               c_w.l(__printf.o)
    0x08000390   0x08000390   0x0000008a   Code   RO         5569    .text               c_w.l(rt_memcpy_v6.o)
    0x0800041a   0x0800041a   0x00000010   Code   RO         5571    .text               c_w.l(aeabi_memset.o)
    0x0800042a   0x0800042a   0x0000004e   Code   RO         5573    .text               c_w.l(rt_memclr_w.o)
    0x08000478   0x08000478   0x00000006   Code   RO         5575    .text               c_w.l(heapauxi.o)
    0x0800047e   0x0800047e   0x00000002   Code   RO         5629    .text               c_w.l(use_no_semi.o)
    0x08000480   0x08000480   0x00000030   Code   RO         5634    .text               c_w.l(_printf_char_common.o)
    0x080004b0   0x080004b0   0x00000024   Code   RO         5640    .text               c_w.l(_printf_char_file.o)
    0x080004d4   0x080004d4   0x00000064   Code   RO         5643    .text               c_w.l(rt_memcpy_w.o)
    0x08000538   0x08000538   0x00000044   Code   RO         5645    .text               c_w.l(rt_memclr.o)
    0x0800057c   0x0800057c   0x00000008   Code   RO         5677    .text               c_w.l(ferror.o)
    0x08000584   0x08000584   0x0000004a   Code   RO         5681    .text               c_w.l(sys_stackheap_outer.o)
    0x080005ce   0x080005ce   0x00000012   Code   RO         5683    .text               c_w.l(exit.o)
    0x080005e0   0x080005e0   0x00000008   Code   RO         5691    .text               c_w.l(libspace.o)
    0x080005e8   0x080005e8   0x00000052   Code   RO         2862    i.ADC_ConversionStop_Disable  stm32f1xx_hal_adc.o
    0x0800063a   0x0800063a   0x00000002   PAD
    0x0800063c   0x0800063c   0x00000084   Code   RO         2866    i.ADC_Enable        stm32f1xx_hal_adc.o
    0x080006c0   0x080006c0   0x0000004c   Code   RO         3638    i.ADC_Init          adc.o
    0x0800070c   0x0800070c   0x00000094   Code   RO            4    i.AutoReloadCallback  main.o
    0x080007a0   0x080007a0   0x00000058   Code   RO         4220    i.BUZZER_Init       buzzer.o
    0x080007f8   0x080007f8   0x00000004   Code   RO          349    i.BusFault_Handler  stm32f1xx_it.o
    0x080007fc   0x080007fc   0x00000024   Code   RO         4221    i.Buzzer_Mode       buzzer.o
    0x08000820   0x08000820   0x000002d8   Code   RO         3750    i.ChuliDisplay      dwindisplay.o
    0x08000af8   0x08000af8   0x00000120   Code   RO         3639    i.ChuliSensorPrussure  adc.o
    0x08000c18   0x08000c18   0x00000018   Code   RO         3751    i.ClearUsart_Buf    dwindisplay.o
    0x08000c30   0x08000c30   0x00000068   Code   RO         3752    i.ColumnDisplay     dwindisplay.o
    0x08000c98   0x08000c98   0x00000002   Code   RO          350    i.DebugMon_Handler  stm32f1xx_it.o
    0x08000c9a   0x08000c9a   0x00000002   PAD
    0x08000c9c   0x08000c9c   0x00000014   Code   RO         4222    i.DisableBuzzer     buzzer.o
    0x08000cb0   0x08000cb0   0x00000010   Code   RO         4293    i.DisableMotorPWM   pwm.o
    0x08000cc0   0x08000cc0   0x0000003c   Code   RO         3753    i.DwinBitIconDisplay  dwindisplay.o
    0x08000cfc   0x08000cfc   0x00000254   Code   RO         3754    i.DwinDisplayInit   dwindisplay.o
    0x08000f50   0x08000f50   0x00000048   Code   RO         3755    i.DwinDisplayText   dwindisplay.o
    0x08000f98   0x08000f98   0x0000003c   Code   RO         3756    i.DwinDisplayVariate  dwindisplay.o
    0x08000fd4   0x08000fd4   0x00000190   Code   RO         3758    i.DwinSetVariate    dwindisplay.o
    0x08001164   0x08001164   0x00000034   Code   RO         3759    i.DwindisplayInterface  dwindisplay.o
    0x08001198   0x08001198   0x00000014   Code   RO         3557    i.EXTI15_10_IRQHandler  exti.o
    0x080011ac   0x080011ac   0x00000084   Code   RO         3558    i.EXTI_Init         exti.o
    0x08001230   0x08001230   0x0000000a   Code   RO         4223    i.EnableBuzzer      buzzer.o
    0x0800123a   0x0800123a   0x00000002   PAD
    0x0800123c   0x0800123c   0x00000010   Code   RO         4294    i.EnableMotorPWM    pwm.o
    0x0800124c   0x0800124c   0x00000028   Code   RO         3280    i.FLASH_PageErase   stm32f1xx_hal_flash_ex.o
    0x08001274   0x08001274   0x00000020   Code   RO         3168    i.FLASH_Program_HalfWord  stm32f1xx_hal_flash.o
    0x08001294   0x08001294   0x00000084   Code   RO         3169    i.FLASH_SetErrorCode  stm32f1xx_hal_flash.o
    0x08001318   0x08001318   0x00000070   Code   RO         3170    i.FLASH_WaitForLastOperation  stm32f1xx_hal_flash.o
    0x08001388   0x08001388   0x00000070   Code   RO         4051    i.FMChuLiDebug      factorymode.o
    0x080013f8   0x080013f8   0x0000013c   Code   RO         4052    i.FMGetChuLi_K_B    factorymode.o
    0x08001534   0x08001534   0x0000013c   Code   RO         4053    i.FMGetNegP_K_B     factorymode.o
    0x08001670   0x08001670   0x00000064   Code   RO         4054    i.FMGetWaterHight   factorymode.o
    0x080016d4   0x080016d4   0x00000058   Code   RO         4055    i.FMNPressureDebug  factorymode.o
    0x0800172c   0x0800172c   0x000001f0   Code   RO         4056    i.FM_GetMode_Paramete  factorymode.o
    0x0800191c   0x0800191c   0x00000078   Code   RO         4057    i.FactoryMode       factorymode.o
    0x08001994   0x08001994   0x00000094   Code   RO         3596    i.FeetSwitch        key.o
    0x08001a28   0x08001a28   0x0000006c   Code   RO         3760    i.FlowDisplay       dwindisplay.o
    0x08001a94   0x08001a94   0x00000034   Code   RO         3640    i.Get_Adc           adc.o
    0x08001ac8   0x08001ac8   0x00000104   Code   RO         3042    i.HAL_ADCEx_Calibration_Start  stm32f1xx_hal_adc_ex.o
    0x08001bcc   0x08001bcc   0x00000160   Code   RO         2868    i.HAL_ADC_ConfigChannel  stm32f1xx_hal_adc.o
    0x08001d2c   0x08001d2c   0x00000008   Code   RO         2875    i.HAL_ADC_GetValue  stm32f1xx_hal_adc.o
    0x08001d34   0x08001d34   0x00000160   Code   RO         2877    i.HAL_ADC_Init      stm32f1xx_hal_adc.o
    0x08001e94   0x08001e94   0x0000005c   Code   RO         3643    i.HAL_ADC_MspInit   adc.o
    0x08001ef0   0x08001ef0   0x00000170   Code   RO         2881    i.HAL_ADC_PollForConversion  stm32f1xx_hal_adc.o
    0x08002060   0x08002060   0x00000130   Code   RO         2883    i.HAL_ADC_Start     stm32f1xx_hal_adc.o
    0x08002190   0x08002190   0x00000014   Code   RO         3174    i.HAL_FLASH_Lock    stm32f1xx_hal_flash.o
    0x080021a4   0x080021a4   0x000000b0   Code   RO         3179    i.HAL_FLASH_Program  stm32f1xx_hal_flash.o
    0x08002254   0x08002254   0x00000030   Code   RO         3181    i.HAL_FLASH_Unlock  stm32f1xx_hal_flash.o
    0x08002284   0x08002284   0x00000054   Code   RO         3559    i.HAL_GPIO_EXTI_Callback  exti.o
    0x080022d8   0x080022d8   0x0000001c   Code   RO          863    i.HAL_GPIO_EXTI_IRQHandler  stm32f1xx_hal_gpio.o
    0x080022f4   0x080022f4   0x00000340   Code   RO          864    i.HAL_GPIO_Init     stm32f1xx_hal_gpio.o
    0x08002634   0x08002634   0x00000010   Code   RO          866    i.HAL_GPIO_ReadPin  stm32f1xx_hal_gpio.o
    0x08002644   0x08002644   0x0000000c   Code   RO          868    i.HAL_GPIO_WritePin  stm32f1xx_hal_gpio.o
    0x08002650   0x08002650   0x0000000c   Code   RO          576    i.HAL_GetTick       stm32f1xx_hal.o
    0x0800265c   0x0800265c   0x00000018   Code   RO          582    i.HAL_IncTick       stm32f1xx_hal.o
    0x08002674   0x08002674   0x00000028   Code   RO          583    i.HAL_Init          stm32f1xx_hal.o
    0x0800269c   0x0800269c   0x0000004c   Code   RO          584    i.HAL_InitTick      stm32f1xx_hal.o
    0x080026e8   0x080026e8   0x00000002   Code   RO          529    i.HAL_MspInit       stm32f1xx_hal_msp.o
    0x080026ea   0x080026ea   0x00000002   PAD
    0x080026ec   0x080026ec   0x00000044   Code   RO          740    i.HAL_NVIC_DisableIRQ  stm32f1xx_hal_cortex.o
    0x08002730   0x08002730   0x00000020   Code   RO          741    i.HAL_NVIC_EnableIRQ  stm32f1xx_hal_cortex.o
    0x08002750   0x08002750   0x0000007c   Code   RO          747    i.HAL_NVIC_SetPriority  stm32f1xx_hal_cortex.o
    0x080027cc   0x080027cc   0x00000028   Code   RO          748    i.HAL_NVIC_SetPriorityGrouping  stm32f1xx_hal_cortex.o
    0x080027f4   0x080027f4   0x00000134   Code   RO         1196    i.HAL_RCCEx_GetPeriphCLKFreq  stm32f1xx_hal_rcc_ex.o
    0x08002928   0x08002928   0x0000012c   Code   RO         1197    i.HAL_RCCEx_PeriphCLKConfig  stm32f1xx_hal_rcc_ex.o
    0x08002a54   0x08002a54   0x0000018c   Code   RO         1089    i.HAL_RCC_ClockConfig  stm32f1xx_hal_rcc.o
    0x08002be0   0x08002be0   0x0000000c   Code   RO         1094    i.HAL_RCC_GetHCLKFreq  stm32f1xx_hal_rcc.o
    0x08002bec   0x08002bec   0x00000020   Code   RO         1096    i.HAL_RCC_GetPCLK1Freq  stm32f1xx_hal_rcc.o
    0x08002c0c   0x08002c0c   0x00000020   Code   RO         1097    i.HAL_RCC_GetPCLK2Freq  stm32f1xx_hal_rcc.o
    0x08002c2c   0x08002c2c   0x00000094   Code   RO         1098    i.HAL_RCC_GetSysClockFreq  stm32f1xx_hal_rcc.o
    0x08002cc0   0x08002cc0   0x00000464   Code   RO         1101    i.HAL_RCC_OscConfig  stm32f1xx_hal_rcc.o
    0x08003124   0x08003124   0x00000028   Code   RO          750    i.HAL_SYSTICK_CLKSourceConfig  stm32f1xx_hal_cortex.o
    0x0800314c   0x0800314c   0x00000034   Code   RO          752    i.HAL_SYSTICK_Config  stm32f1xx_hal_cortex.o
    0x08003180   0x08003180   0x00000002   Code   RO         2611    i.HAL_TIMEx_BreakCallback  stm32f1xx_hal_tim_ex.o
    0x08003182   0x08003182   0x00000002   Code   RO         2612    i.HAL_TIMEx_CommutCallback  stm32f1xx_hal_tim_ex.o
    0x08003184   0x08003184   0x00000034   Code   RO         1925    i.HAL_TIM_Base_Init  stm32f1xx_hal_tim.o
    0x080031b8   0x080031b8   0x000000a8   Code   RO         3902    i.HAL_TIM_Base_MspInit  timer.o
    0x08003260   0x08003260   0x0000002a   Code   RO         1930    i.HAL_TIM_Base_Start_IT  stm32f1xx_hal_tim.o
    0x0800328a   0x0800328a   0x00000002   PAD
    0x0800328c   0x0800328c   0x0000011c   Code   RO         3903    i.HAL_TIM_IC_CaptureCallback  timer.o
    0x080033a8   0x080033a8   0x00000196   Code   RO         1968    i.HAL_TIM_IRQHandler  stm32f1xx_hal_tim.o
    0x0800353e   0x0800353e   0x00000002   Code   RO         1971    i.HAL_TIM_OC_DelayElapsedCallback  stm32f1xx_hal_tim.o
    0x08003540   0x08003540   0x00000108   Code   RO         1992    i.HAL_TIM_PWM_ConfigChannel  stm32f1xx_hal_tim.o
    0x08003648   0x08003648   0x00000034   Code   RO         1995    i.HAL_TIM_PWM_Init  stm32f1xx_hal_tim.o
    0x0800367c   0x0800367c   0x0000006c   Code   RO         4295    i.HAL_TIM_PWM_MspInit  pwm.o
    0x080036e8   0x080036e8   0x00000002   Code   RO         1998    i.HAL_TIM_PWM_PulseFinishedCallback  stm32f1xx_hal_tim.o
    0x080036ea   0x080036ea   0x00000002   PAD
    0x080036ec   0x080036ec   0x00000058   Code   RO         2000    i.HAL_TIM_PWM_Start  stm32f1xx_hal_tim.o
    0x08003744   0x08003744   0x00000088   Code   RO         2003    i.HAL_TIM_PWM_Stop  stm32f1xx_hal_tim.o
    0x080037cc   0x080037cc   0x000001c8   Code   RO         3905    i.HAL_TIM_PeriodElapsedCallback  timer.o
    0x08003994   0x08003994   0x00000032   Code   RO         2008    i.HAL_TIM_ReadCapturedValue  stm32f1xx_hal_tim.o
    0x080039c6   0x080039c6   0x00000002   Code   RO         2011    i.HAL_TIM_TriggerCallback  stm32f1xx_hal_tim.o
    0x080039c8   0x080039c8   0x00000072   Code   RO         1256    i.HAL_UART_Init     stm32f1xx_hal_uart.o
    0x08003a3a   0x08003a3a   0x00000002   PAD
    0x08003a3c   0x08003a3c   0x000000a8   Code   RO         3473    i.HAL_UART_MspInit  usart.o
    0x08003ae4   0x08003ae4   0x00000070   Code   RO         1261    i.HAL_UART_Receive_IT  stm32f1xx_hal_uart.o
    0x08003b54   0x08003b54   0x000000d6   Code   RO         1264    i.HAL_UART_Transmit  stm32f1xx_hal_uart.o
    0x08003c2a   0x08003c2a   0x00000004   Code   RO          351    i.HardFault_Handler  stm32f1xx_it.o
    0x08003c2e   0x08003c2e   0x00000002   Code   RO         3869    i.IWDG_Feed         iwdg.o
    0x08003c30   0x08003c30   0x0000002c   Code   RO         4382    i.Init_Pid          pid.o
    0x08003c5c   0x08003c5c   0x00000094   Code   RO         3597    i.KEY_Init          key.o
    0x08003cf0   0x08003cf0   0x0000008c   Code   RO         4129    i.KalmanFilter      control.o
    0x08003d7c   0x08003d7c   0x0000008c   Code   RO         4130    i.KalmanFilter1     control.o
    0x08003e08   0x08003e08   0x000000d8   Code   RO         3533    i.LED_Init          led.o
    0x08003ee0   0x08003ee0   0x0000004c   Code   RO         4269    i.MOS_Init          cmos.o
    0x08003f2c   0x08003f2c   0x00000004   Code   RO          352    i.MemManage_Handler  stm32f1xx_it.o
    0x08003f30   0x08003f30   0x000003b8   Code   RO         3761    i.ModeSelect        dwindisplay.o
    0x080042e8   0x080042e8   0x00000014   Code   RO         4296    i.Motor0_1lmin      pwm.o
    0x080042fc   0x080042fc   0x0000005c   Code   RO         4297    i.MotorAlarm        pwm.o
    0x08004358   0x08004358   0x00000150   Code   RO         4131    i.MotorControl      control.o
    0x080044a8   0x080044a8   0x00000070   Code   RO         4298    i.MotorInit         pwm.o
    0x08004518   0x08004518   0x00000014   Code   RO         4299    i.MotorSpeedDownlmin  pwm.o
    0x0800452c   0x0800452c   0x000000d8   Code   RO         4300    i.MotorSpeedUp      pwm.o
    0x08004604   0x08004604   0x000000a4   Code   RO         4301    i.Motor_PscCount    pwm.o
    0x080046a8   0x080046a8   0x00000002   Code   RO          353    i.NMI_Handler       stm32f1xx_it.o
    0x080046aa   0x080046aa   0x00000002   PAD
    0x080046ac   0x080046ac   0x00000098   Code   RO         3762    i.NegativeDisplay   dwindisplay.o
    0x08004744   0x08004744   0x000000c0   Code   RO         3644    i.NegativePrussure  adc.o
    0x08004804   0x08004804   0x00000052   Code   RO         4383    i.PIDCalc           pid.o
    0x08004856   0x08004856   0x00000002   PAD
    0x08004858   0x08004858   0x00000158   Code   RO         4132    i.Ps_PrGreaterFive  control.o
    0x080049b0   0x080049b0   0x00000028   Code   RO         1102    i.RCC_Delay         stm32f1xx_hal_rcc.o
    0x080049d8   0x080049d8   0x00000358   Code   RO         3764    i.ReadDwinKeyValueReturn  dwindisplay.o
    0x08004d30   0x08004d30   0x00000118   Code   RO         4058    i.ReadFlashDisplay  factorymode.o
    0x08004e48   0x08004e48   0x00000022   Code   RO         4000    i.STMFLASH_Read     stmflash.o
    0x08004e6a   0x08004e6a   0x00000006   Code   RO         4001    i.STMFLASH_ReadHalfWord  stmflash.o
    0x08004e70   0x08004e70   0x00000108   Code   RO         4002    i.STMFLASH_Write    stmflash.o
    0x08004f78   0x08004f78   0x0000002c   Code   RO         4003    i.STMFLASH_Write_NoCheck  stmflash.o
    0x08004fa4   0x08004fa4   0x00000140   Code   RO         4059    i.SaveParameters    factorymode.o
    0x080050e4   0x080050e4   0x00000056   Code   RO         3430    i.Stm32_Clock_Init  sys.o
    0x0800513a   0x0800513a   0x00000014   Code   RO         3377    i.SysTick_Handler   delay.o
    0x0800514e   0x0800514e   0x00000002   PAD
    0x08005150   0x08005150   0x00000058   Code   RO          410    i.SystemInit        system_stm32f1xx.o
    0x080051a8   0x080051a8   0x00000010   Code   RO         3906    i.TIM2_IRQHandler   timer.o
    0x080051b8   0x080051b8   0x0000002c   Code   RO         3907    i.TIM2_Init         timer.o
    0x080051e4   0x080051e4   0x00000010   Code   RO         3908    i.TIM3_IRQHandler   timer.o
    0x080051f4   0x080051f4   0x0000002c   Code   RO         3909    i.TIM3_Init         timer.o
    0x08005220   0x08005220   0x00000010   Code   RO         3911    i.TIM4_IRQHandler   timer.o
    0x08005230   0x08005230   0x00000060   Code   RO         4302    i.TIM4_PWM_Init     pwm.o
    0x08005290   0x08005290   0x00000010   Code   RO         3912    i.TIM5_IRQHandler   timer.o
    0x080052a0   0x080052a0   0x0000002c   Code   RO         3913    i.TIM5_Init         timer.o
    0x080052cc   0x080052cc   0x0000009c   Code   RO         2013    i.TIM_Base_SetConfig  stm32f1xx_hal_tim.o
    0x08005368   0x08005368   0x00000022   Code   RO         2014    i.TIM_CCxChannelCmd  stm32f1xx_hal_tim.o
    0x0800538a   0x0800538a   0x00000002   PAD
    0x0800538c   0x0800538c   0x00000070   Code   RO         2026    i.TIM_OC1_SetConfig  stm32f1xx_hal_tim.o
    0x080053fc   0x080053fc   0x0000007c   Code   RO         2027    i.TIM_OC2_SetConfig  stm32f1xx_hal_tim.o
    0x08005478   0x08005478   0x00000078   Code   RO         2028    i.TIM_OC3_SetConfig  stm32f1xx_hal_tim.o
    0x080054f0   0x080054f0   0x00000054   Code   RO         2029    i.TIM_OC4_SetConfig  stm32f1xx_hal_tim.o
    0x08005544   0x08005544   0x00000060   Code   RO         4133    i.ThirtylessPr_Ps   control.o
    0x080055a4   0x080055a4   0x00000040   Code   RO         4134    i.TwolessPr_PsLessFive  control.o
    0x080055e4   0x080055e4   0x000001a0   Code   RO         1283    i.UART_SetConfig    stm32f1xx_hal_uart.o
    0x08005784   0x08005784   0x0000006c   Code   RO         1285    i.UART_WaitOnFlagUntilTimeout  stm32f1xx_hal_uart.o
    0x080057f0   0x080057f0   0x0000010c   Code   RO         3474    i.USART1_IRQHandler  usart.o
    0x080058fc   0x080058fc   0x00000004   Code   RO          354    i.UsageFault_Handler  stm32f1xx_it.o
    0x08005900   0x08005900   0x00000088   Code   RO         3598    i.XiYinControl      key.o
    0x08005988   0x08005988   0x00000044   Code   RO         4135    i.ZeroLessPs_PrlessFive  control.o
    0x080059cc   0x080059cc   0x00000034   Code   RO         4136    i.ZerolessPr_PsLessTwo  control.o
    0x08005a00   0x08005a00   0x00000010   Code   RO          754    i.__NVIC_GetPriorityGrouping  stm32f1xx_hal_cortex.o
    0x08005a10   0x08005a10   0x00000028   Code   RO          755    i.__NVIC_SetPriority  stm32f1xx_hal_cortex.o
    0x08005a38   0x08005a38   0x00000004   Code   RO         3475    i._sys_exit         usart.o
    0x08005a3c   0x08005a3c   0x0000003c   Code   RO            5    i.comm_task         main.o
    0x08005a78   0x08005a78   0x00000044   Code   RO         3378    i.delay_init        delay.o
    0x08005abc   0x08005abc   0x00000040   Code   RO         3379    i.delay_ms          delay.o
    0x08005afc   0x08005afc   0x000000ec   Code   RO            6    i.delay_task        main.o
    0x08005be8   0x08005be8   0x00000048   Code   RO         3380    i.delay_us          delay.o
    0x08005c30   0x08005c30   0x0000005c   Code   RO         4137    i.filter            control.o
    0x08005c8c   0x08005c8c   0x0000001c   Code   RO         3476    i.fputc             usart.o
    0x08005ca8   0x08005ca8   0x00000098   Code   RO            7    i.main              main.o
    0x08005d40   0x08005d40   0x00000098   Code   RO         4857    i.prvAddCurrentTaskToDelayedList  tasks.o
    0x08005dd8   0x08005dd8   0x000000b8   Code   RO         4858    i.prvAddNewTaskToReadyList  tasks.o
    0x08005e90   0x08005e90   0x00000064   Code   RO         5233    i.prvCheckForValidListAndQueue  timers.o
    0x08005ef4   0x08005ef4   0x00000064   Code   RO         4859    i.prvCheckTasksWaitingTermination  tasks.o
    0x08005f58   0x08005f58   0x0000002a   Code   RO         4612    i.prvCopyDataFromQueue  queue.o
    0x08005f82   0x08005f82   0x0000007c   Code   RO         4613    i.prvCopyDataToQueue  queue.o
    0x08005ffe   0x08005ffe   0x00000012   Code   RO         4860    i.prvDeleteTCB      tasks.o
    0x08006010   0x08006010   0x00000028   Code   RO         5234    i.prvGetNextExpireTime  timers.o
    0x08006038   0x08006038   0x0000007c   Code   RO         5464    i.prvHeapInit       heap_4.o
    0x080060b4   0x080060b4   0x00000028   Code   RO         4861    i.prvIdleTask       tasks.o
    0x080060dc   0x080060dc   0x0000002e   Code   RO         4615    i.prvInitialiseNewQueue  queue.o
    0x0800610a   0x0800610a   0x00000090   Code   RO         4862    i.prvInitialiseNewTask  tasks.o
    0x0800619a   0x0800619a   0x0000002e   Code   RO         5235    i.prvInitialiseNewTimer  timers.o
    0x080061c8   0x080061c8   0x00000068   Code   RO         4863    i.prvInitialiseTaskLists  tasks.o
    0x08006230   0x08006230   0x00000068   Code   RO         5465    i.prvInsertBlockIntoFreeList  heap_4.o
    0x08006298   0x08006298   0x00000058   Code   RO         5236    i.prvInsertTimerInActiveList  timers.o
    0x080062f0   0x080062f0   0x0000001a   Code   RO         4616    i.prvIsQueueEmpty   queue.o
    0x0800630a   0x0800630a   0x0000001e   Code   RO         4617    i.prvIsQueueFull    queue.o
    0x08006328   0x08006328   0x00000054   Code   RO         4618    i.prvNotifyQueueSetContainer  queue.o
    0x0800637c   0x0800637c   0x0000004c   Code   RO         5237    i.prvProcessExpiredTimer  timers.o
    0x080063c8   0x080063c8   0x000000d0   Code   RO         5238    i.prvProcessReceivedCommands  timers.o
    0x08006498   0x08006498   0x00000074   Code   RO         5239    i.prvProcessTimerOrBlockTask  timers.o
    0x0800650c   0x0800650c   0x00000034   Code   RO         4865    i.prvResetNextTaskUnblockTime  tasks.o
    0x08006540   0x08006540   0x0000002c   Code   RO         5240    i.prvSampleTimeNow  timers.o
    0x0800656c   0x0800656c   0x00000084   Code   RO         5241    i.prvSwitchTimerLists  timers.o
    0x080065f0   0x080065f0   0x00000016   Code   RO         5376    i.prvTaskExitError  port.o
    0x08006606   0x08006606   0x0000001a   Code   RO         5242    i.prvTimerTask      timers.o
    0x08006620   0x08006620   0x00000092   Code   RO         4619    i.prvUnlockQueue    queue.o
    0x080066b2   0x080066b2   0x00000002   PAD
    0x080066b4   0x080066b4   0x000000d4   Code   RO         5466    i.pvPortMalloc      heap_4.o
    0x08006788   0x08006788   0x00000020   Code   RO         4869    i.pvTaskIncrementMutexHeldCount  tasks.o
    0x080067a8   0x080067a8   0x00000024   Code   RO         5377    i.pxPortInitialiseStack  port.o
    0x080067cc   0x080067cc   0x0000004c   Code   RO            8    i.real_time_task    main.o
    0x08006818   0x08006818   0x000000dc   Code   RO            9    i.start_task        main.o
    0x080068f4   0x080068f4   0x00000038   Code   RO         3477    i.uart_init         usart.o
    0x0800692c   0x0800692c   0x00000028   Code   RO         4563    i.uxListRemove      list.o
    0x08006954   0x08006954   0x0000001a   Code   RO         4564    i.vListInitialise   list.o
    0x0800696e   0x0800696e   0x00000006   Code   RO         4565    i.vListInitialiseItem  list.o
    0x08006974   0x08006974   0x00000034   Code   RO         4566    i.vListInsert       list.o
    0x080069a8   0x080069a8   0x00000018   Code   RO         4567    i.vListInsertEnd    list.o
    0x080069c0   0x080069c0   0x00000034   Code   RO         5379    i.vPortEnterCritical  port.o
    0x080069f4   0x080069f4   0x00000020   Code   RO         5380    i.vPortExitCritical  port.o
    0x08006a14   0x08006a14   0x00000048   Code   RO         5467    i.vPortFree         heap_4.o
    0x08006a5c   0x08006a5c   0x00000020   Code   RO         5381    i.vPortSetupTimerInterrupt  port.o
    0x08006a7c   0x08006a7c   0x00000020   Code   RO         5382    i.vPortValidateInterruptPriority  port.o
    0x08006a9c   0x08006a9c   0x0000002c   Code   RO         4625    i.vQueueAddToRegistry  queue.o
    0x08006ac8   0x08006ac8   0x0000004a   Code   RO         4629    i.vQueueWaitForMessageRestricted  queue.o
    0x08006b12   0x08006b12   0x00000002   PAD
    0x08006b14   0x08006b14   0x0000003c   Code   RO         4877    i.vTaskDelay        tasks.o
    0x08006b50   0x08006b50   0x000000d4   Code   RO         4879    i.vTaskDelete       tasks.o
    0x08006c24   0x08006c24   0x0000000c   Code   RO         4883    i.vTaskMissedYield  tasks.o
    0x08006c30   0x08006c30   0x00000020   Code   RO         4885    i.vTaskPlaceOnEventList  tasks.o
    0x08006c50   0x08006c50   0x00000028   Code   RO         4886    i.vTaskPlaceOnEventListRestricted  tasks.o
    0x08006c78   0x08006c78   0x000000b0   Code   RO         4888    i.vTaskPriorityInherit  tasks.o
    0x08006d28   0x08006d28   0x00000018   Code   RO         4892    i.vTaskSetTimeOutState  tasks.o
    0x08006d40   0x08006d40   0x00000074   Code   RO         4893    i.vTaskStartScheduler  tasks.o
    0x08006db4   0x08006db4   0x00000010   Code   RO         4895    i.vTaskSuspendAll   tasks.o
    0x08006dc4   0x08006dc4   0x00000060   Code   RO         4896    i.vTaskSwitchContext  tasks.o
    0x08006e24   0x08006e24   0x000000a0   Code   RO         5383    i.xPortStartScheduler  port.o
    0x08006ec4   0x08006ec4   0x00000034   Code   RO         5384    i.xPortSysTickHandler  port.o
    0x08006ef8   0x08006ef8   0x00000038   Code   RO         4634    i.xQueueGenericCreate  queue.o
    0x08006f30   0x08006f30   0x00000160   Code   RO         4635    i.xQueueGenericReceive  queue.o
    0x08007090   0x08007090   0x00000080   Code   RO         4636    i.xQueueGenericReset  queue.o
    0x08007110   0x08007110   0x0000013c   Code   RO         4637    i.xQueueGenericSend  queue.o
    0x0800724c   0x0800724c   0x000000a0   Code   RO         4638    i.xQueueGenericSendFromISR  queue.o
    0x080072ec   0x080072ec   0x00000092   Code   RO         4639    i.xQueueGiveFromISR  queue.o
    0x0800737e   0x0800737e   0x00000002   PAD
    0x08007380   0x08007380   0x0000005c   Code   RO         4897    i.xTaskCheckForTimeOut  tasks.o
    0x080073dc   0x080073dc   0x00000060   Code   RO         4898    i.xTaskCreate       tasks.o
    0x0800743c   0x0800743c   0x00000020   Code   RO         4902    i.xTaskGetSchedulerState  tasks.o
    0x0800745c   0x0800745c   0x0000000c   Code   RO         4903    i.xTaskGetTickCount  tasks.o
    0x08007468   0x08007468   0x00000120   Code   RO         4905    i.xTaskIncrementTick  tasks.o
    0x08007588   0x08007588   0x0000008c   Code   RO         4908    i.xTaskPriorityDisinherit  tasks.o
    0x08007614   0x08007614   0x00000080   Code   RO         4909    i.xTaskRemoveFromEventList  tasks.o
    0x08007694   0x08007694   0x000000ec   Code   RO         4911    i.xTaskResumeAll    tasks.o
    0x08007780   0x08007780   0x00000030   Code   RO         5245    i.xTimerCreate      timers.o
    0x080077b0   0x080077b0   0x00000040   Code   RO         5246    i.xTimerCreateTimerTask  timers.o
    0x080077f0   0x080077f0   0x0000006c   Code   RO         5247    i.xTimerGenericCommand  timers.o
    0x0800785c   0x0800785c   0x00000062   Code   RO         5579    x$fpl$d2f           fz_ws.l(d2f.o)
    0x080078be   0x080078be   0x00000002   PAD
    0x080078c0   0x080078c0   0x00000150   Code   RO         5581    x$fpl$dadd          fz_ws.l(daddsub_clz.o)
    0x08007a10   0x08007a10   0x00000018   Code   RO         5647    x$fpl$dcmpinf       fz_ws.l(dcmpi.o)
    0x08007a28   0x08007a28   0x0000002e   Code   RO         5588    x$fpl$dflt          fz_ws.l(dflt_clz.o)
    0x08007a56   0x08007a56   0x00000026   Code   RO         5587    x$fpl$dfltu         fz_ws.l(dflt_clz.o)
    0x08007a7c   0x08007a7c   0x00000078   Code   RO         5593    x$fpl$dleqf         fz_ws.l(dleqf.o)
    0x08007af4   0x08007af4   0x00000154   Code   RO         5595    x$fpl$dmul          fz_ws.l(dmul.o)
    0x08007c48   0x08007c48   0x0000009c   Code   RO         5649    x$fpl$dnaninf       fz_ws.l(dnaninf.o)
    0x08007ce4   0x08007ce4   0x0000000c   Code   RO         5651    x$fpl$dretinf       fz_ws.l(dretinf.o)
    0x08007cf0   0x08007cf0   0x000001d4   Code   RO         5583    x$fpl$dsub          fz_ws.l(daddsub_clz.o)
    0x08007ec4   0x08007ec4   0x00000056   Code   RO         5597    x$fpl$f2d           fz_ws.l(f2d.o)
    0x08007f1a   0x08007f1a   0x00000002   PAD
    0x08007f1c   0x08007f1c   0x000000c4   Code   RO         5599    x$fpl$fadd          fz_ws.l(faddsub_clz.o)
    0x08007fe0   0x08007fe0   0x00000018   Code   RO         5653    x$fpl$fcmpinf       fz_ws.l(fcmpi.o)
    0x08007ff8   0x08007ff8   0x00000184   Code   RO         5606    x$fpl$fdiv          fz_ws.l(fdiv.o)
    0x0800817c   0x0800817c   0x00000036   Code   RO         5609    x$fpl$ffix          fz_ws.l(ffix.o)
    0x080081b2   0x080081b2   0x00000002   PAD
    0x080081b4   0x080081b4   0x0000003e   Code   RO         5613    x$fpl$ffixu         fz_ws.l(ffixu.o)
    0x080081f2   0x080081f2   0x00000002   PAD
    0x080081f4   0x080081f4   0x00000030   Code   RO         5618    x$fpl$fflt          fz_ws.l(fflt_clz.o)
    0x08008224   0x08008224   0x00000026   Code   RO         5617    x$fpl$ffltu         fz_ws.l(fflt_clz.o)
    0x0800824a   0x0800824a   0x00000002   PAD
    0x0800824c   0x0800824c   0x00000068   Code   RO         5623    x$fpl$fleqf         fz_ws.l(fleqf.o)
    0x080082b4   0x080082b4   0x00000102   Code   RO         5625    x$fpl$fmul          fz_ws.l(fmul.o)
    0x080083b6   0x080083b6   0x0000008c   Code   RO         5655    x$fpl$fnaninf       fz_ws.l(fnaninf.o)
    0x08008442   0x08008442   0x0000000a   Code   RO         5657    x$fpl$fretinf       fz_ws.l(fretinf.o)
    0x0800844c   0x0800844c   0x00000062   Code   RO         5627    x$fpl$frleqf        fz_ws.l(frleqf.o)
    0x080084ae   0x080084ae   0x00000014   Code   RO         5600    x$fpl$frsb          fz_ws.l(faddsub_clz.o)
    0x080084c2   0x080084c2   0x00000002   PAD
    0x080084c4   0x080084c4   0x000000ea   Code   RO         5601    x$fpl$fsub          fz_ws.l(faddsub_clz.o)
    0x080085ae   0x080085ae   0x00000000   Code   RO         5659    x$fpl$usenofp       fz_ws.l(usenofp.o)
    0x080085ae   0x080085ae   0x00000018   Data   RO          411    .constdata          system_stm32f1xx.o
    0x080085c6   0x080085c6   0x00000002   PAD
    0x080085c8   0x080085c8   0x0000002c   Data   RO         3706    .constdata          parameters.o
    0x080085f4   0x080085f4   0x00000020   Data   RO         5816    Region$$Table       anon$$obj.o


    Execution Region RW_IRAM1 (Exec base: 0x20000000, Load base: 0x08008614, Size: 0x00006640, Max: 0x0000c000, ABSOLUTE, COMPRESSED[0x00000090])

    Exec Addr    Load Addr    Size         Type   Attr      Idx    E Section Name        Object

    0x20000000   COMPRESSED   0x0000001a   Data   RW           10    .data               main.o
    0x2000001a   COMPRESSED   0x00000002   PAD
    0x2000001c   COMPRESSED   0x00000004   Data   RW          412    .data               system_stm32f1xx.o
    0x20000020   COMPRESSED   0x00000009   Data   RW          590    .data               stm32f1xx_hal.o
    0x20000029   COMPRESSED   0x00000003   PAD
    0x2000002c   COMPRESSED   0x00000006   Data   RW         3382    .data               delay.o
    0x20000032   COMPRESSED   0x00000002   PAD
    0x20000034   COMPRESSED   0x00000007   Data   RW         3479    .data               usart.o
    0x2000003b   COMPRESSED   0x00000002   Data   RW         3560    .data               exti.o
    0x2000003d   COMPRESSED   0x00000001   PAD
    0x2000003e   COMPRESSED   0x00000005   Data   RW         3599    .data               key.o
    0x20000043   COMPRESSED   0x00000001   PAD
    0x20000044   COMPRESSED   0x00000020   Data   RW         3707    .data               parameters.o
    0x20000064   COMPRESSED   0x000000a6   Data   RW         3765    .data               dwindisplay.o
    0x2000010a   COMPRESSED   0x00000002   PAD
    0x2000010c   COMPRESSED   0x00000010   Data   RW         3915    .data               timer.o
    0x2000011c   COMPRESSED   0x0000004a   Data   RW         4060    .data               factorymode.o
    0x20000166   COMPRESSED   0x00000002   PAD
    0x20000168   COMPRESSED   0x0000004e   Data   RW         4139    .data               control.o
    0x200001b6   COMPRESSED   0x00000001   Data   RW         4224    .data               buzzer.o
    0x200001b7   COMPRESSED   0x00000001   PAD
    0x200001b8   COMPRESSED   0x0000000d   Data   RW         4305    .data               pwm.o
    0x200001c5   COMPRESSED   0x00000003   PAD
    0x200001c8   COMPRESSED   0x00000004   Data   RW         4385    .data               pid.o
    0x200001cc   COMPRESSED   0x0000003c   Data   RW         4914    .data               tasks.o
    0x20000208   COMPRESSED   0x00000014   Data   RW         5255    .data               timers.o
    0x2000021c   COMPRESSED   0x0000000c   Data   RW         5385    .data               port.o
    0x20000228   COMPRESSED   0x00000018   Data   RW         5472    .data               heap_4.o
    0x20000240        -       0x00000020   Zero   RW         3182    .bss                stm32f1xx_hal_flash.o
    0x20000260        -       0x00000068   Zero   RW         3478    .bss                usart.o
    0x200002c8        -       0x00000030   Zero   RW         3645    .bss                adc.o
    0x200002f8        -       0x00000100   Zero   RW         3914    .bss                timer.o
    0x200003f8        -       0x00000800   Zero   RW         4005    .bss                stmflash.o
    0x20000bf8        -       0x00000064   Zero   RW         4138    .bss                control.o
    0x20000c5c        -       0x0000001c   Zero   RW         4304    .bss                pwm.o
    0x20000c78        -       0x0000001c   Zero   RW         4384    .bss                pid.o
    0x20000c94        -       0x00000040   Zero   RW         4649    .bss                queue.o
    0x20000cd4        -       0x000002e4   Zero   RW         4913    .bss                tasks.o
    0x20000fb8        -       0x00000028   Zero   RW         5254    .bss                timers.o
    0x20000fe0        -       0x00005000   Zero   RW         5471    .bss                heap_4.o
    0x20005fe0        -       0x00000060   Zero   RW         5692    .bss                c_w.l(libspace.o)
    0x20006040        -       0x00000200   Zero   RW          556    HEAP                startup_stm32f103xe.o
    0x20006240        -       0x00000400   Zero   RW          555    STACK               startup_stm32f103xe.o


==============================================================================

Image component sizes


      Code (inc. data)   RO Data    RW Data    ZI Data      Debug   Object Name

       700         84          0          0         48       4189   adc.o
       154         20          0          1          0       2772   buzzer.o
        76         12          0          0          0        903   cmos.o
      1332        224          0         78        100       6674   control.o
       224         18          0          6          0       2537   delay.o
      4164        332          0        166          0      11458   dwindisplay.o
         0          0          0          0          0       9480   event_groups.o
       236         36          0          2          0       2430   exti.o
      2148        240          0         74          0       7950   factorymode.o
       512         64          0         24      20480       3995   heap_4.o
         2          0          0          0          0        444   iwdg.o
       432         64          0          5          0       2400   key.o
       216         22          0          0          0       1019   led.o
       148          0          0          0          0       3222   list.o
       892        218          0         26          0     531469   main.o
         0          0         44         32          0       1986   parameters.o
       126         14          0          4         28       2221   pid.o
       568         68          0         12          0      10381   port.o
       860        186          0         13         28       6829   pwm.o
      1774         22          0          0         64      14413   queue.o
        64         26        304          0       1536        828   startup_stm32f103xe.o
       152         32          0          9          0       6109   stm32f1xx_hal.o
      1598         64          0          0          0       6608   stm32f1xx_hal_adc.o
       260          4          0          0          0       1514   stm32f1xx_hal_adc_ex.o
       412         28          0          0          0      30835   stm32f1xx_hal_cortex.o
       520         48          0          0         32       4394   stm32f1xx_hal_flash.o
        40          8          0          0          0        598   stm32f1xx_hal_flash_ex.o
       888         44          0          0          0       4094   stm32f1xx_hal_gpio.o
         2          0          0          0          0        442   stm32f1xx_hal_msp.o
      1784        110          0          0          0       6268   stm32f1xx_hal_rcc.o
       608         44          0          0          0       2509   stm32f1xx_hal_rcc_ex.o
      1726         76          0          0          0      12588   stm32f1xx_hal_tim.o
         4          0          0          0          0       1613   stm32f1xx_hal_tim_ex.o
       964          4          0          0          0       4530   stm32f1xx_hal_uart.o
        20          0          0          0          0       2665   stm32f1xx_it.o
       348         12          0          0       2048       3745   stmflash.o
        86          0          0          0          0        723   sys.o
        88         18         24          4          0       1175   system_stm32f1xx.o
      2634        408          0         60        740      29343   tasks.o
      1104        148          0         16        256       7590   timer.o
      1096        116          0         20         40      10462   timers.o
       524         58          0          7        104       5319   usart.o

    ----------------------------------------------------------------------
     29516       2872        406        576      25504     770724   Object Totals
         0          0         32          0          0          0   (incl. Generated)
        30          0          2         17          0          0   (incl. Padding)

    ----------------------------------------------------------------------

      Code (inc. data)   RO Data    RW Data    ZI Data      Debug   Library Member Name

        90          0          0          0          0          0   __dczerorl2.o
         8          0          0          0          0         68   __main.o
       104          0          0          0          0         84   __printf.o
         0          0          0          0          0          0   __rtentry.o
        12          0          0          0          0          0   __rtentry2.o
         6          0          0          0          0          0   __rtentry4.o
        52          8          0          0          0          0   __scatter.o
        28          0          0          0          0          0   __scatter_zi.o
        48          6          0          0          0         96   _printf_char_common.o
        36          4          0          0          0         80   _printf_char_file.o
         0          0          0          0          0          0   _printf_percent.o
         4          0          0          0          0          0   _printf_percent_end.o
        16          0          0          0          0         68   aeabi_memset.o
        18          0          0          0          0         80   exit.o
         8          0          0          0          0         68   ferror.o
         6          0          0          0          0        152   heapauxi.o
         2          0          0          0          0          0   libinit.o
         2          0          0          0          0          0   libinit2.o
         2          0          0          0          0          0   libshutdown.o
         2          0          0          0          0          0   libshutdown2.o
         8          4          0          0         96         68   libspace.o
        38          0          0          0          0         68   llushr.o
        24          4          0          0          0         84   noretval__2printf.o
        68          0          0          0          0         68   rt_memclr.o
        78          0          0          0          0         80   rt_memclr_w.o
       138          0          0          0          0         68   rt_memcpy_v6.o
       100          0          0          0          0         80   rt_memcpy_w.o
         2          0          0          0          0          0   rtexit.o
        10          0          0          0          0          0   rtexit2.o
        74          0          0          0          0         80   sys_stackheap_outer.o
         2          0          0          0          0         68   use_no_semi.o
         2          0          0          0          0         68   use_no_semi_2.o
        98          4          0          0          0         92   d2f.o
       804         16          0          0          0        272   daddsub_clz.o
        24          0          0          0          0         68   dcmpi.o
        84          0          0          0          0        136   dflt_clz.o
       120          4          0          0          0         92   dleqf.o
       340         12          0          0          0        104   dmul.o
       156          4          0          0          0         92   dnaninf.o
        12          0          0          0          0         68   dretinf.o
        86          4          0          0          0         84   f2d.o
       450          8          0          0          0        236   faddsub_clz.o
        24          0          0          0          0         68   fcmpi.o
       388         76          0          0          0         96   fdiv.o
        54          4          0          0          0         84   ffix.o
        62          4          0          0          0         84   ffixu.o
        86          0          0          0          0        136   fflt_clz.o
       104          4          0          0          0         84   fleqf.o
       258          4          0          0          0         84   fmul.o
       140          4          0          0          0         84   fnaninf.o
        10          0          0          0          0         68   fretinf.o
        98          0          0          0          0         68   frleqf.o
         0          0          0          0          0          0   usenofp.o

    ----------------------------------------------------------------------
      4402        174          0          0         96       3528   Library Totals
        16          0          0          0          0          0   (incl. Padding)

    ----------------------------------------------------------------------

      Code (inc. data)   RO Data    RW Data    ZI Data      Debug   Library Name

       988         26          0          0         96       1428   c_w.l
      3398        148          0          0          0       2100   fz_ws.l

    ----------------------------------------------------------------------
      4402        174          0          0         96       3528   Library Totals

    ----------------------------------------------------------------------

==============================================================================


      Code (inc. data)   RO Data    RW Data    ZI Data      Debug   

     33918       3046        406        576      25600     760208   Grand Totals
     33918       3046        406        144      25600     760208   ELF Image Totals (compressed)
     33918       3046        406        144          0          0   ROM Totals

==============================================================================

    Total RO  Size (Code + RO Data)                34324 (  33.52kB)
    Total RW  Size (RW Data + ZI Data)             26176 (  25.56kB)
    Total ROM Size (Code + RO Data + RW Data)      34468 (  33.66kB)

==============================================================================

